Archive member included to satisfy reference by file (symbol)

c:/st/stm32cubeide_1.11.0/stm32cubeide/plugins/com.st.stm32cube.ide.mcu.externaltools.gnu-tools-for-stm32.10.3-2021.10.win32_1.0.100.202210260954/tools/bin/../lib/gcc/arm-none-eabi/10.3.1/../../../../arm-none-eabi/lib/thumb/v7e-m+fp/hard\libc_nano.a(lib_a-errno.o)
                              ./Core/Src/syscalls.o (__errno)
c:/st/stm32cubeide_1.11.0/stm32cubeide/plugins/com.st.stm32cube.ide.mcu.externaltools.gnu-tools-for-stm32.10.3-2021.10.win32_1.0.100.202210260954/tools/bin/../lib/gcc/arm-none-eabi/10.3.1/../../../../arm-none-eabi/lib/thumb/v7e-m+fp/hard\libc_nano.a(lib_a-exit.o)
                              c:/st/stm32cubeide_1.11.0/stm32cubeide/plugins/com.st.stm32cube.ide.mcu.externaltools.gnu-tools-for-stm32.10.3-2021.10.win32_1.0.100.202210260954/tools/bin/../lib/gcc/arm-none-eabi/10.3.1/../../../../arm-none-eabi/lib/thumb/v7e-m+fp/hard/crt0.o (exit)
c:/st/stm32cubeide_1.11.0/stm32cubeide/plugins/com.st.stm32cube.ide.mcu.externaltools.gnu-tools-for-stm32.10.3-2021.10.win32_1.0.100.202210260954/tools/bin/../lib/gcc/arm-none-eabi/10.3.1/../../../../arm-none-eabi/lib/thumb/v7e-m+fp/hard\libc_nano.a(lib_a-impure.o)
                              c:/st/stm32cubeide_1.11.0/stm32cubeide/plugins/com.st.stm32cube.ide.mcu.externaltools.gnu-tools-for-stm32.10.3-2021.10.win32_1.0.100.202210260954/tools/bin/../lib/gcc/arm-none-eabi/10.3.1/../../../../arm-none-eabi/lib/thumb/v7e-m+fp/hard\libc_nano.a(lib_a-exit.o) (_global_impure_ptr)
c:/st/stm32cubeide_1.11.0/stm32cubeide/plugins/com.st.stm32cube.ide.mcu.externaltools.gnu-tools-for-stm32.10.3-2021.10.win32_1.0.100.202210260954/tools/bin/../lib/gcc/arm-none-eabi/10.3.1/../../../../arm-none-eabi/lib/thumb/v7e-m+fp/hard\libc_nano.a(lib_a-init.o)
                              c:/st/stm32cubeide_1.11.0/stm32cubeide/plugins/com.st.stm32cube.ide.mcu.externaltools.gnu-tools-for-stm32.10.3-2021.10.win32_1.0.100.202210260954/tools/bin/../lib/gcc/arm-none-eabi/10.3.1/../../../../arm-none-eabi/lib/thumb/v7e-m+fp/hard/crt0.o (__libc_init_array)
c:/st/stm32cubeide_1.11.0/stm32cubeide/plugins/com.st.stm32cube.ide.mcu.externaltools.gnu-tools-for-stm32.10.3-2021.10.win32_1.0.100.202210260954/tools/bin/../lib/gcc/arm-none-eabi/10.3.1/../../../../arm-none-eabi/lib/thumb/v7e-m+fp/hard\libc_nano.a(lib_a-memcpy-stub.o)
                              ./FreeRTOS/Source/queue.o (memcpy)
c:/st/stm32cubeide_1.11.0/stm32cubeide/plugins/com.st.stm32cube.ide.mcu.externaltools.gnu-tools-for-stm32.10.3-2021.10.win32_1.0.100.202210260954/tools/bin/../lib/gcc/arm-none-eabi/10.3.1/../../../../arm-none-eabi/lib/thumb/v7e-m+fp/hard\libc_nano.a(lib_a-memset.o)
                              c:/st/stm32cubeide_1.11.0/stm32cubeide/plugins/com.st.stm32cube.ide.mcu.externaltools.gnu-tools-for-stm32.10.3-2021.10.win32_1.0.100.202210260954/tools/bin/../lib/gcc/arm-none-eabi/10.3.1/../../../../arm-none-eabi/lib/thumb/v7e-m+fp/hard/crt0.o (memset)
c:/st/stm32cubeide_1.11.0/stm32cubeide/plugins/com.st.stm32cube.ide.mcu.externaltools.gnu-tools-for-stm32.10.3-2021.10.win32_1.0.100.202210260954/tools/bin/../lib/gcc/arm-none-eabi/10.3.1/thumb/v7e-m+fp/hard\libgcc.a(_aeabi_uldivmod.o)
                              ./Drivers/STM32F4xx_HAL_Driver/Src/stm32f4xx_hal_rcc.o (__aeabi_uldivmod)
c:/st/stm32cubeide_1.11.0/stm32cubeide/plugins/com.st.stm32cube.ide.mcu.externaltools.gnu-tools-for-stm32.10.3-2021.10.win32_1.0.100.202210260954/tools/bin/../lib/gcc/arm-none-eabi/10.3.1/thumb/v7e-m+fp/hard\libgcc.a(_udivmoddi4.o)
                              c:/st/stm32cubeide_1.11.0/stm32cubeide/plugins/com.st.stm32cube.ide.mcu.externaltools.gnu-tools-for-stm32.10.3-2021.10.win32_1.0.100.202210260954/tools/bin/../lib/gcc/arm-none-eabi/10.3.1/thumb/v7e-m+fp/hard\libgcc.a(_aeabi_uldivmod.o) (__udivmoddi4)
c:/st/stm32cubeide_1.11.0/stm32cubeide/plugins/com.st.stm32cube.ide.mcu.externaltools.gnu-tools-for-stm32.10.3-2021.10.win32_1.0.100.202210260954/tools/bin/../lib/gcc/arm-none-eabi/10.3.1/thumb/v7e-m+fp/hard\libgcc.a(_dvmd_tls.o)
                              c:/st/stm32cubeide_1.11.0/stm32cubeide/plugins/com.st.stm32cube.ide.mcu.externaltools.gnu-tools-for-stm32.10.3-2021.10.win32_1.0.100.202210260954/tools/bin/../lib/gcc/arm-none-eabi/10.3.1/thumb/v7e-m+fp/hard\libgcc.a(_aeabi_uldivmod.o) (__aeabi_ldiv0)

Discarded input sections

 .text          0x0000000000000000        0x0 c:/st/stm32cubeide_1.11.0/stm32cubeide/plugins/com.st.stm32cube.ide.mcu.externaltools.gnu-tools-for-stm32.10.3-2021.10.win32_1.0.100.202210260954/tools/bin/../lib/gcc/arm-none-eabi/10.3.1/thumb/v7e-m+fp/hard/crti.o
 .data          0x0000000000000000        0x0 c:/st/stm32cubeide_1.11.0/stm32cubeide/plugins/com.st.stm32cube.ide.mcu.externaltools.gnu-tools-for-stm32.10.3-2021.10.win32_1.0.100.202210260954/tools/bin/../lib/gcc/arm-none-eabi/10.3.1/thumb/v7e-m+fp/hard/crti.o
[...]
Memory Configuration

Name             Origin             Length             Attributes
RAM              0x0000000020000000 0x0000000000018000 xrw
FLASH            0x0000000008000000 0x0000000000080000 xr
*default*        0x0000000000000000 0xffffffffffffffff

Linker script and memory map

LOAD c:/st/stm32cubeide_1.11.0/stm32cubeide/plugins/com.st.stm32cube.ide.mcu.externaltools.gnu-tools-for-stm32.10.3-2021.10.win32_1.0.100.202210260954/tools/bin/../lib/gcc/arm-none-eabi/10.3.1/thumb/v7e-m+fp/hard/crti.o
LOAD c:/st/stm32cubeide_1.11.0/stm32cubeide/plugins/com.st.stm32cube.ide.mcu.externaltools.gnu-tools-for-stm32.10.3-2021.10.win32_1.0.100.202210260954/tools/bin/../lib/gcc/arm-none-eabi/10.3.1/thumb/v7e-m+fp/hard/crtbegin.o
LOAD c:/st/stm32cubeide_1.11.0/stm32cubeide/plugins/com.st.stm32cube.ide.mcu.externaltools.gnu-tools-for-stm32.10.3-2021.10.win32_1.0.100.202210260954/tools/bin/../lib/gcc/arm-none-eabi/10.3.1/../../../../arm-none-eabi/lib/thumb/v7e-m+fp/hard/crt0.o
LOAD ./Core/Src/main.o
LOAD ./Core/Src/stm32f4xx_hal_msp.o
LOAD ./Core/Src/stm32f4xx_it.o
LOAD ./Core/Src/syscalls.o
LOAD ./Core/Src/sysmem.o
LOAD ./Core/Src/system_stm32f4xx.o
LOAD ./Core/Startup/startup_stm32f401retx.o
LOAD ./Drivers/STM32F4xx_HAL_Driver/Src/stm32f4xx_hal.o
LOAD ./Drivers/STM32F4xx_HAL_Driver/Src/stm32f4xx_hal_cortex.o
LOAD ./Drivers/STM32F4xx_HAL_Driver/Src/stm32f4xx_hal_dma.o
LOAD ./Drivers/STM32F4xx_HAL_Driver/Src/stm32f4xx_hal_dma_ex.o
LOAD ./Drivers/STM32F4xx_HAL_Driver/Src/stm32f4xx_hal_exti.o
LOAD ./Drivers/STM32F4xx_HAL_Driver/Src/stm32f4xx_hal_flash.o
LOAD ./Drivers/STM32F4xx_HAL_Driver/Src/stm32f4xx_hal_flash_ex.o
LOAD ./Drivers/STM32F4xx_HAL_Driver/Src/stm32f4xx_hal_flash_ramfunc.o
LOAD ./Drivers/STM32F4xx_HAL_Driver/Src/stm32f4xx_hal_gpio.o
LOAD ./Drivers/STM32F4xx_HAL_Driver/Src/stm32f4xx_hal_pwr.o
LOAD ./Drivers/STM32F4xx_HAL_Driver/Src/stm32f4xx_hal_pwr_ex.o
LOAD ./Drivers/STM32F4xx_HAL_Driver/Src/stm32f4xx_hal_rcc.o
LOAD ./Drivers/STM32F4xx_HAL_Driver/Src/stm32f4xx_hal_rcc_ex.o
LOAD ./Drivers/STM32F4xx_HAL_Driver/Src/stm32f4xx_hal_tim.o
LOAD ./Drivers/STM32F4xx_HAL_Driver/Src/stm32f4xx_hal_tim_ex.o
LOAD ./FreeRTOS/Source/croutine.o
LOAD ./FreeRTOS/Source/event_groups.o
LOAD ./FreeRTOS/Source/list.o
LOAD ./FreeRTOS/Source/queue.o
LOAD ./FreeRTOS/Source/stream_buffer.o
LOAD ./FreeRTOS/Source/tasks.o
LOAD ./FreeRTOS/Source/timers.o
LOAD ./FreeRTOS/Source/portable/GCC/ARM_CM4F/port.o
LOAD ./FreeRTOS/Source/portable/MemMang/heap_4.o
START GROUP
LOAD c:/st/stm32cubeide_1.11.0/stm32cubeide/plugins/com.st.stm32cube.ide.mcu.externaltools.gnu-tools-for-stm32.10.3-2021.10.win32_1.0.100.202210260954/tools/bin/../lib/gcc/arm-none-eabi/10.3.1/../../../../arm-none-eabi/lib/thumb/v7e-m+fp/hard\libc_nano.a
LOAD c:/st/stm32cubeide_1.11.0/stm32cubeide/plugins/com.st.stm32cube.ide.mcu.externaltools.gnu-tools-for-stm32.10.3-2021.10.win32_1.0.100.202210260954/tools/bin/../lib/gcc/arm-none-eabi/10.3.1/../../../../arm-none-eabi/lib/thumb/v7e-m+fp/hard\libm.a
END GROUP
START GROUP
LOAD c:/st/stm32cubeide_1.11.0/stm32cubeide/plugins/com.st.stm32cube.ide.mcu.externaltools.gnu-tools-for-stm32.10.3-2021.10.win32_1.0.100.202210260954/tools/bin/../lib/gcc/arm-none-eabi/10.3.1/thumb/v7e-m+fp/hard\libgcc.a
LOAD c:/st/stm32cubeide_1.11.0/stm32cubeide/plugins/com.st.stm32cube.ide.mcu.externaltools.gnu-tools-for-stm32.10.3-2021.10.win32_1.0.100.202210260954/tools/bin/../lib/gcc/arm-none-eabi/10.3.1/../../../../arm-none-eabi/lib/thumb/v7e-m+fp/hard\libc_nano.a
END GROUP
START GROUP
LOAD c:/st/stm32cubeide_1.11.0/stm32cubeide/plugins/com.st.stm32cube.ide.mcu.externaltools.gnu-tools-for-stm32.10.3-2021.10.win32_1.0.100.202210260954/tools/bin/../lib/gcc/arm-none-eabi/10.3.1/thumb/v7e-m+fp/hard\libgcc.a
LOAD c:/st/stm32cubeide_1.11.0/stm32cubeide/plugins/com.st.stm32cube.ide.mcu.externaltools.gnu-tools-for-stm32.10.3-2021.10.win32_1.0.100.202210260954/tools/bin/../lib/gcc/arm-none-eabi/10.3.1/../../../../arm-none-eabi/lib/thumb/v7e-m+fp/hard\libc_nano.a
LOAD c:/st/stm32cubeide_1.11.0/stm32cubeide/plugins/com.st.stm32cube.ide.mcu.externaltools.gnu-tools-for-stm32.10.3-2021.10.win32_1.0.100.202210260954/tools/bin/../lib/gcc/arm-none-eabi/10.3.1/../../../../arm-none-eabi/lib/thumb/v7e-m+fp/hard\libnosys.a
END GROUP
START GROUP
LOAD c:/st/stm32cubeide_1.11.0/stm32cubeide/plugins/com.st.stm32cube.ide.mcu.externaltools.gnu-tools-for-stm32.10.3-2021.10.win32_1.0.100.202210260954/tools/bin/../lib/gcc/arm-none-eabi/10.3.1/thumb/v7e-m+fp/hard\libgcc.a
LOAD c:/st/stm32cubeide_1.11.0/stm32cubeide/plugins/com.st.stm32cube.ide.mcu.externaltools.gnu-tools-for-stm32.10.3-2021.10.win32_1.0.100.202210260954/tools/bin/../lib/gcc/arm-none-eabi/10.3.1/../../../../arm-none-eabi/lib/thumb/v7e-m+fp/hard\libc_nano.a
LOAD c:/st/stm32cubeide_1.11.0/stm32cubeide/plugins/com.st.stm32cube.ide.mcu.externaltools.gnu-tools-for-stm32.10.3-2021.10.win32_1.0.100.202210260954/tools/bin/../lib/gcc/arm-none-eabi/10.3.1/../../../../arm-none-eabi/lib/thumb/v7e-m+fp/hard\libnosys.a
END GROUP
LOAD c:/st/stm32cubeide_1.11.0/stm32cubeide/plugins/com.st.stm32cube.ide.mcu.externaltools.gnu-tools-for-stm32.10.3-2021.10.win32_1.0.100.202210260954/tools/bin/../lib/gcc/arm-none-eabi/10.3.1/thumb/v7e-m+fp/hard/crtend.o
LOAD c:/st/stm32cubeide_1.11.0/stm32cubeide/plugins/com.st.stm32cube.ide.mcu.externaltools.gnu-tools-for-stm32.10.3-2021.10.win32_1.0.100.202210260954/tools/bin/../lib/gcc/arm-none-eabi/10.3.1/thumb/v7e-m+fp/hard/crtn.o
                0x0000000020018000                _estack = (ORIGIN (RAM) + LENGTH (RAM))
                0x0000000000000200                _Min_Heap_Size = 0x200
                0x0000000000000400                _Min_Stack_Size = 0x400

.isr_vector     0x0000000008000000      0x194
                0x0000000008000000                . = ALIGN (0x4)
 *(.isr_vector)
 .isr_vector    0x0000000008000000      0x194 ./Core/Startup/startup_stm32f401retx.o
                0x0000000008000000                g_pfnVectors
                0x0000000008000194                . = ALIGN (0x4)

.text           0x00000000080001a0     0x42ec
                0x00000000080001a0                . = ALIGN (0x4)
 *(.text)
 .text          0x00000000080001a0       0x40 c:/st/stm32cubeide_1.11.0/stm32cubeide/plugins/com.st.stm32cube.ide.mcu.externaltools.gnu-tools-for-stm32.10.3-2021.10.win32_1.0.100.202210260954/tools/bin/../lib/gcc/arm-none-eabi/10.3.1/thumb/v7e-m+fp/hard/crtbegin.o
 .text          0x00000000080001e0       0x30 c:/st/stm32cubeide_1.11.0/stm32cubeide/plugins/com.st.stm32cube.ide.mcu.externaltools.gnu-tools-for-stm32.10.3-2021.10.win32_1.0.100.202210260954/tools/bin/../lib/gcc/arm-none-eabi/10.3.1/thumb/v7e-m+fp/hard\libgcc.a(_aeabi_uldivmod.o)
                0x00000000080001e0                __aeabi_uldivmod
 .text          0x0000000008000210      0x2d0 c:/st/stm32cubeide_1.11.0/stm32cubeide/plugins/com.st.stm32cube.ide.mcu.externaltools.gnu-tools-for-stm32.10.3-2021.10.win32_1.0.100.202210260954/tools/bin/../lib/gcc/arm-none-eabi/10.3.1/thumb/v7e-m+fp/hard\libgcc.a(_udivmoddi4.o)
                0x0000000008000210                __udivmoddi4
 .text          0x00000000080004e0        0x4 c:/st/stm32cubeide_1.11.0/stm32cubeide/plugins/com.st.stm32cube.ide.mcu.externaltools.gnu-tools-for-stm32.10.3-2021.10.win32_1.0.100.202210260954/tools/bin/../lib/gcc/arm-none-eabi/10.3.1/thumb/v7e-m+fp/hard\libgcc.a(_dvmd_tls.o)
                0x00000000080004e0                __aeabi_idiv0
                0x00000000080004e0                __aeabi_ldiv0
 *(.text*)
 .text.main     0x00000000080004e4       0x84 ./Core/Src/main.o
                0x00000000080004e4                main
 .text.SystemClock_Config
                0x0000000008000568       0xbc ./Core/Src/main.o
                0x0000000008000568                SystemClock_Config
 .text.MX_GPIO_Init
                0x0000000008000624       0xc0 ./Core/Src/main.o
 .text.Error_Handler
                0x00000000080006e4        0xa ./Core/Src/main.o
                0x00000000080006e4                Error_Handler
 *fill*         0x00000000080006ee        0x2 
 .text.PushButton
                0x00000000080006f0       0x70 ./Core/Src/main.o
                0x00000000080006f0                PushButton
 .text.Led      0x0000000008000760       0x70 ./Core/Src/main.o
                0x0000000008000760                Led
 .text.HAL_MspInit
                0x00000000080007d0       0x50 ./Core/Src/stm32f4xx_hal_msp.o
                0x00000000080007d0                HAL_MspInit
 .text.NMI_Handler
                0x0000000008000820        0x6 ./Core/Src/stm32f4xx_it.o
                0x0000000008000820                NMI_Handler
 .text.HardFault_Handler
                0x0000000008000826        0x6 ./Core/Src/stm32f4xx_it.o
                0x0000000008000826                HardFault_Handler
 .text.MemManage_Handler
                0x000000000800082c        0x6 ./Core/Src/stm32f4xx_it.o
                0x000000000800082c                MemManage_Handler
 .text.BusFault_Handler
                0x0000000008000832        0x6 ./Core/Src/stm32f4xx_it.o
                0x0000000008000832                BusFault_Handler
 .text.UsageFault_Handler
                0x0000000008000838        0x6 ./Core/Src/stm32f4xx_it.o
                0x0000000008000838                UsageFault_Handler
 .text.DebugMon_Handler
                0x000000000800083e        0xe ./Core/Src/stm32f4xx_it.o
                0x000000000800083e                DebugMon_Handler
 .text.SystemInit
                0x000000000800084c       0x24 ./Core/Src/system_stm32f4xx.o
                0x000000000800084c                SystemInit
 .text.Reset_Handler
                0x0000000008000870       0x50 ./Core/Startup/startup_stm32f401retx.o
                0x0000000008000870                Reset_Handler
 .text.Default_Handler
                0x00000000080008c0        0x2 ./Core/Startup/startup_stm32f401retx.o
                0x00000000080008c0                RTC_Alarm_IRQHandler
                0x00000000080008c0                EXTI2_IRQHandler
                0x00000000080008c0                SPI4_IRQHandler
                0x00000000080008c0                TIM1_CC_IRQHandler
                0x00000000080008c0                DMA2_Stream5_IRQHandler
                0x00000000080008c0                DMA1_Stream5_IRQHandler
                0x00000000080008c0                PVD_IRQHandler
                0x00000000080008c0                SDIO_IRQHandler
                0x00000000080008c0                TAMP_STAMP_IRQHandler
                0x00000000080008c0                EXTI3_IRQHandler
                0x00000000080008c0                TIM1_UP_TIM10_IRQHandler
                0x00000000080008c0                I2C3_ER_IRQHandler
                0x00000000080008c0                EXTI0_IRQHandler
                0x00000000080008c0                I2C2_EV_IRQHandler
                0x00000000080008c0                DMA1_Stream2_IRQHandler
                0x00000000080008c0                FPU_IRQHandler
                0x00000000080008c0                DMA2_Stream2_IRQHandler
                0x00000000080008c0                SPI1_IRQHandler
                0x00000000080008c0                TIM1_BRK_TIM9_IRQHandler
                0x00000000080008c0                DMA2_Stream3_IRQHandler
                0x00000000080008c0                USART6_IRQHandler
                0x00000000080008c0                DMA2_Stream0_IRQHandler
                0x00000000080008c0                TIM4_IRQHandler
                0x00000000080008c0                I2C1_EV_IRQHandler
                0x00000000080008c0                DMA1_Stream6_IRQHandler
                0x00000000080008c0                DMA1_Stream1_IRQHandler
                0x00000000080008c0                TIM3_IRQHandler
                0x00000000080008c0                RCC_IRQHandler
                0x00000000080008c0                Default_Handler
                0x00000000080008c0                EXTI15_10_IRQHandler
                0x00000000080008c0                ADC_IRQHandler
                0x00000000080008c0                DMA1_Stream7_IRQHandler
                0x00000000080008c0                TIM5_IRQHandler
                0x00000000080008c0                DMA2_Stream7_IRQHandler
                0x00000000080008c0                I2C3_EV_IRQHandler
                0x00000000080008c0                EXTI9_5_IRQHandler
                0x00000000080008c0                RTC_WKUP_IRQHandler
                0x00000000080008c0                SPI2_IRQHandler
                0x00000000080008c0                DMA1_Stream0_IRQHandler
                0x00000000080008c0                EXTI4_IRQHandler
                0x00000000080008c0                WWDG_IRQHandler
                0x00000000080008c0                TIM2_IRQHandler
                0x00000000080008c0                OTG_FS_WKUP_IRQHandler
                0x00000000080008c0                TIM1_TRG_COM_TIM11_IRQHandler
                0x00000000080008c0                EXTI1_IRQHandler
                0x00000000080008c0                USART2_IRQHandler
                0x00000000080008c0                I2C2_ER_IRQHandler
                0x00000000080008c0                DMA2_Stream1_IRQHandler
                0x00000000080008c0                FLASH_IRQHandler
                0x00000000080008c0                DMA2_Stream4_IRQHandler
                0x00000000080008c0                USART1_IRQHandler
                0x00000000080008c0                OTG_FS_IRQHandler
                0x00000000080008c0                SPI3_IRQHandler
                0x00000000080008c0                DMA1_Stream4_IRQHandler
                0x00000000080008c0                I2C1_ER_IRQHandler
                0x00000000080008c0                DMA2_Stream6_IRQHandler
                0x00000000080008c0                DMA1_Stream3_IRQHandler
 *fill*         0x00000000080008c2        0x2 
 .text.HAL_Init
                0x00000000080008c4       0x44 ./Drivers/STM32F4xx_HAL_Driver/Src/stm32f4xx_hal.o
                0x00000000080008c4                HAL_Init
 .text.HAL_InitTick
                0x0000000008000908       0x60 ./Drivers/STM32F4xx_HAL_Driver/Src/stm32f4xx_hal.o
                0x0000000008000908                HAL_InitTick
 .text.HAL_GetTick
                0x0000000008000968       0x18 ./Drivers/STM32F4xx_HAL_Driver/Src/stm32f4xx_hal.o
                0x0000000008000968                HAL_GetTick
 .text.__NVIC_SetPriorityGrouping
                0x0000000008000980       0x48 ./Drivers/STM32F4xx_HAL_Driver/Src/stm32f4xx_hal_cortex.o
 .text.__NVIC_GetPriorityGrouping
                0x00000000080009c8       0x1c ./Drivers/STM32F4xx_HAL_Driver/Src/stm32f4xx_hal_cortex.o
 .text.__NVIC_SetPriority
                0x00000000080009e4       0x54 ./Drivers/STM32F4xx_HAL_Driver/Src/stm32f4xx_hal_cortex.o
 .text.NVIC_EncodePriority
                0x0000000008000a38       0x66 ./Drivers/STM32F4xx_HAL_Driver/Src/stm32f4xx_hal_cortex.o
 *fill*         0x0000000008000a9e        0x2 
 .text.SysTick_Config
                0x0000000008000aa0       0x44 ./Drivers/STM32F4xx_HAL_Driver/Src/stm32f4xx_hal_cortex.o
 .text.HAL_NVIC_SetPriorityGrouping
                0x0000000008000ae4       0x16 ./Drivers/STM32F4xx_HAL_Driver/Src/stm32f4xx_hal_cortex.o
                0x0000000008000ae4                HAL_NVIC_SetPriorityGrouping
 .text.HAL_NVIC_SetPriority
                0x0000000008000afa       0x38 ./Drivers/STM32F4xx_HAL_Driver/Src/stm32f4xx_hal_cortex.o
                0x0000000008000afa                HAL_NVIC_SetPriority
 .text.HAL_SYSTICK_Config
                0x0000000008000b32       0x18 ./Drivers/STM32F4xx_HAL_Driver/Src/stm32f4xx_hal_cortex.o
                0x0000000008000b32                HAL_SYSTICK_Config
 *fill*         0x0000000008000b4a        0x2 
 .text.HAL_GPIO_Init
                0x0000000008000b4c      0x308 ./Drivers/STM32F4xx_HAL_Driver/Src/stm32f4xx_hal_gpio.o
                0x0000000008000b4c                HAL_GPIO_Init
 .text.HAL_GPIO_ReadPin
                0x0000000008000e54       0x30 ./Drivers/STM32F4xx_HAL_Driver/Src/stm32f4xx_hal_gpio.o
                0x0000000008000e54                HAL_GPIO_ReadPin
 .text.HAL_GPIO_WritePin
                0x0000000008000e84       0x32 ./Drivers/STM32F4xx_HAL_Driver/Src/stm32f4xx_hal_gpio.o
                0x0000000008000e84                HAL_GPIO_WritePin
 .text.HAL_GPIO_TogglePin
                0x0000000008000eb6       0x34 ./Drivers/STM32F4xx_HAL_Driver/Src/stm32f4xx_hal_gpio.o
                0x0000000008000eb6                HAL_GPIO_TogglePin
 *fill*         0x0000000008000eea        0x2 
 .text.HAL_RCC_OscConfig
                0x0000000008000eec      0x4f0 ./Drivers/STM32F4xx_HAL_Driver/Src/stm32f4xx_hal_rcc.o
                0x0000000008000eec                HAL_RCC_OscConfig
 .text.HAL_RCC_ClockConfig
                0x00000000080013dc      0x1cc ./Drivers/STM32F4xx_HAL_Driver/Src/stm32f4xx_hal_rcc.o
                0x00000000080013dc                HAL_RCC_ClockConfig
 .text.HAL_RCC_GetSysClockFreq
                0x00000000080015a8      0x20c ./Drivers/STM32F4xx_HAL_Driver/Src/stm32f4xx_hal_rcc.o
                0x00000000080015a8                HAL_RCC_GetSysClockFreq
 .text.vListInitialise
                0x00000000080017b4       0x40 ./FreeRTOS/Source/list.o
                0x00000000080017b4                vListInitialise
 .text.vListInitialiseItem
                0x00000000080017f4       0x1a ./FreeRTOS/Source/list.o
                0x00000000080017f4                vListInitialiseItem
 .text.vListInsert
                0x000000000800180e       0x72 ./FreeRTOS/Source/list.o
                0x000000000800180e                vListInsert
 .text.uxListRemove
                0x0000000008001880       0x54 ./FreeRTOS/Source/list.o
                0x0000000008001880                uxListRemove
 .text.xQueueGenericReset
                0x00000000080018d4      0x120 ./FreeRTOS/Source/queue.o
                0x00000000080018d4                xQueueGenericReset
 .text.xQueueGenericCreate
                0x00000000080019f4       0x9c ./FreeRTOS/Source/queue.o
                0x00000000080019f4                xQueueGenericCreate
 .text.prvInitialiseNewQueue
                0x0000000008001a90       0x3e ./FreeRTOS/Source/queue.o
 *fill*         0x0000000008001ace        0x2 
 .text.xQueueGenericSend
                0x0000000008001ad0      0x1fc ./FreeRTOS/Source/queue.o
                0x0000000008001ad0                xQueueGenericSend
 .text.xQueueReceive
                0x0000000008001ccc      0x1c0 ./FreeRTOS/Source/queue.o
                0x0000000008001ccc                xQueueReceive
 .text.xQueueSemaphoreTake
                0x0000000008001e8c      0x1fc ./FreeRTOS/Source/queue.o
                0x0000000008001e8c                xQueueSemaphoreTake
 .text.prvGetDisinheritPriorityAfterTimeout
                0x0000000008002088       0x30 ./FreeRTOS/Source/queue.o
 .text.prvCopyDataToQueue
                0x00000000080020b8       0xd4 ./FreeRTOS/Source/queue.o
 .text.prvCopyDataFromQueue
                0x000000000800218c       0x4c ./FreeRTOS/Source/queue.o
 .text.prvUnlockQueue
                0x00000000080021d8       0xa4 ./FreeRTOS/Source/queue.o
 .text.prvIsQueueEmpty
                0x000000000800227c       0x2c ./FreeRTOS/Source/queue.o
 .text.prvIsQueueFull
                0x00000000080022a8       0x30 ./FreeRTOS/Source/queue.o
 .text.vQueueWaitForMessageRestricted
                0x00000000080022d8       0x68 ./FreeRTOS/Source/queue.o
                0x00000000080022d8                vQueueWaitForMessageRestricted
 .text.xTaskCreate
                0x0000000008002340       0x8c ./FreeRTOS/Source/tasks.o
                0x0000000008002340                xTaskCreate
 .text.prvInitialiseNewTask
                0x00000000080023cc      0x10c ./FreeRTOS/Source/tasks.o
 .text.prvAddNewTaskToReadyList
                0x00000000080024d8      0x124 ./FreeRTOS/Source/tasks.o
 .text.xTaskDelayUntil
                0x00000000080025fc       0xfc ./FreeRTOS/Source/tasks.o
                0x00000000080025fc                xTaskDelayUntil
 .text.vTaskDelay
                0x00000000080026f8       0x68 ./FreeRTOS/Source/tasks.o
                0x00000000080026f8                vTaskDelay
 .text.vTaskStartScheduler
                0x0000000008002760       0xa4 ./FreeRTOS/Source/tasks.o
                0x0000000008002760                vTaskStartScheduler
 .text.vTaskSuspendAll
                0x0000000008002804       0x1c ./FreeRTOS/Source/tasks.o
                0x0000000008002804                vTaskSuspendAll
 .text.xTaskResumeAll
                0x0000000008002820      0x1f8 ./FreeRTOS/Source/tasks.o
                0x0000000008002820                xTaskResumeAll
 .text.xTaskGetTickCount
                0x0000000008002a18       0x20 ./FreeRTOS/Source/tasks.o
                0x0000000008002a18                xTaskGetTickCount
 .text.xTaskIncrementTick
                0x0000000008002a38      0x22c ./FreeRTOS/Source/tasks.o
                0x0000000008002a38                xTaskIncrementTick
 .text.vTaskSwitchContext
                0x0000000008002c64       0xb8 ./FreeRTOS/Source/tasks.o
                0x0000000008002c64                vTaskSwitchContext
 .text.vTaskPlaceOnEventList
                0x0000000008002d1c       0x48 ./FreeRTOS/Source/tasks.o
                0x0000000008002d1c                vTaskPlaceOnEventList
 .text.vTaskPlaceOnEventListRestricted
                0x0000000008002d64       0x8c ./FreeRTOS/Source/tasks.o
                0x0000000008002d64                vTaskPlaceOnEventListRestricted
 .text.xTaskRemoveFromEventList
                0x0000000008002df0      0x1ac ./FreeRTOS/Source/tasks.o
                0x0000000008002df0                xTaskRemoveFromEventList
 .text.vTaskInternalSetTimeOutState
                0x0000000008002f9c       0x2c ./FreeRTOS/Source/tasks.o
                0x0000000008002f9c                vTaskInternalSetTimeOutState
 .text.xTaskCheckForTimeOut
                0x0000000008002fc8       0xcc ./FreeRTOS/Source/tasks.o
                0x0000000008002fc8                xTaskCheckForTimeOut
 .text.vTaskMissedYield
                0x0000000008003094       0x18 ./FreeRTOS/Source/tasks.o
                0x0000000008003094                vTaskMissedYield
 .text.prvIdleTask
                0x00000000080030ac       0x30 ./FreeRTOS/Source/tasks.o
 .text.prvInitialiseTaskLists
                0x00000000080030dc       0x80 ./FreeRTOS/Source/tasks.o
 .text.prvCheckTasksWaitingTermination
                0x000000000800315c       0x5c ./FreeRTOS/Source/tasks.o
 .text.prvDeleteTCB
                0x00000000080031b8       0x20 ./FreeRTOS/Source/tasks.o
 .text.prvResetNextTaskUnblockTime
                0x00000000080031d8       0x38 ./FreeRTOS/Source/tasks.o
 .text.xTaskGetSchedulerState
                0x0000000008003210       0x3c ./FreeRTOS/Source/tasks.o
                0x0000000008003210                xTaskGetSchedulerState
 .text.xTaskPriorityInherit
                0x000000000800324c      0x13c ./FreeRTOS/Source/tasks.o
                0x000000000800324c                xTaskPriorityInherit
 .text.xTaskPriorityDisinherit
                0x0000000008003388      0x148 ./FreeRTOS/Source/tasks.o
                0x0000000008003388                xTaskPriorityDisinherit
 .text.vTaskPriorityDisinheritAfterTimeout
                0x00000000080034d0      0x170 ./FreeRTOS/Source/tasks.o
                0x00000000080034d0                vTaskPriorityDisinheritAfterTimeout
 .text.pvTaskIncrementMutexHeldCount
                0x0000000008003640       0x28 ./FreeRTOS/Source/tasks.o
                0x0000000008003640                pvTaskIncrementMutexHeldCount
 .text.prvAddCurrentTaskToDelayedList
                0x0000000008003668      0x100 ./FreeRTOS/Source/tasks.o
 .text.xTimerCreateTimerTask
                0x0000000008003768       0x64 ./FreeRTOS/Source/timers.o
                0x0000000008003768                xTimerCreateTimerTask
 .text.prvReloadTimer
                0x00000000080037cc       0x42 ./FreeRTOS/Source/timers.o
 *fill*         0x000000000800380e        0x2 
 .text.prvProcessExpiredTimer
                0x0000000008003810       0x60 ./FreeRTOS/Source/timers.o
 .text.prvTimerTask
                0x0000000008003870       0x24 ./FreeRTOS/Source/timers.o
 .text.prvProcessTimerOrBlockTask
                0x0000000008003894       0x9c ./FreeRTOS/Source/timers.o
 .text.prvGetNextExpireTime
                0x0000000008003930       0x48 ./FreeRTOS/Source/timers.o
 .text.prvSampleTimeNow
                0x0000000008003978       0x40 ./FreeRTOS/Source/timers.o
 .text.prvInsertTimerInActiveList
                0x00000000080039b8       0x84 ./FreeRTOS/Source/timers.o
 .text.prvProcessReceivedCommands
                0x0000000008003a3c      0x17c ./FreeRTOS/Source/timers.o
 .text.prvSwitchTimerLists
                0x0000000008003bb8       0x4c ./FreeRTOS/Source/timers.o
 .text.prvCheckForValidListAndQueue
                0x0000000008003c04       0x54 ./FreeRTOS/Source/timers.o
 .text.pxPortInitialiseStack
                0x0000000008003c58       0x68 ./FreeRTOS/Source/portable/GCC/ARM_CM4F/port.o
                0x0000000008003c58                pxPortInitialiseStack
 .text.prvTaskExitError
                0x0000000008003cc0       0x58 ./FreeRTOS/Source/portable/GCC/ARM_CM4F/port.o
 *fill*         0x0000000008003d18        0x8 
 .text.SVC_Handler
                0x0000000008003d20       0x28 ./FreeRTOS/Source/portable/GCC/ARM_CM4F/port.o
                0x0000000008003d20                SVC_Handler
 .text.prvPortStartFirstTask
                0x0000000008003d48       0x2c ./FreeRTOS/Source/portable/GCC/ARM_CM4F/port.o
 .text.xPortStartScheduler
                0x0000000008003d74      0x144 ./FreeRTOS/Source/portable/GCC/ARM_CM4F/port.o
                0x0000000008003d74                xPortStartScheduler
 .text.vPortEnterCritical
                0x0000000008003eb8       0x60 ./FreeRTOS/Source/portable/GCC/ARM_CM4F/port.o
                0x0000000008003eb8                vPortEnterCritical
 .text.vPortExitCritical
                0x0000000008003f18       0x54 ./FreeRTOS/Source/portable/GCC/ARM_CM4F/port.o
                0x0000000008003f18                vPortExitCritical
 *fill*         0x0000000008003f6c        0x4 
 .text.PendSV_Handler
                0x0000000008003f70       0x68 ./FreeRTOS/Source/portable/GCC/ARM_CM4F/port.o
                0x0000000008003f70                PendSV_Handler
 .text.SysTick_Handler
                0x0000000008003fd8       0x44 ./FreeRTOS/Source/portable/GCC/ARM_CM4F/port.o
                0x0000000008003fd8                SysTick_Handler
 .text.vPortSetupTimerInterrupt
                0x000000000800401c       0x34 ./FreeRTOS/Source/portable/GCC/ARM_CM4F/port.o
                0x000000000800401c                vPortSetupTimerInterrupt
 .text.vPortEnableVFP
                0x0000000008004050       0x18 ./FreeRTOS/Source/portable/GCC/ARM_CM4F/port.o
 .text.pvPortMalloc
                0x0000000008004068      0x174 ./FreeRTOS/Source/portable/MemMang/heap_4.o
                0x0000000008004068                pvPortMalloc
 .text.vPortFree
                0x00000000080041dc       0xb8 ./FreeRTOS/Source/portable/MemMang/heap_4.o
                0x00000000080041dc                vPortFree
 .text.prvHeapInit
                0x0000000008004294       0xb8 ./FreeRTOS/Source/portable/MemMang/heap_4.o
 .text.prvInsertBlockIntoFreeList
                0x000000000800434c       0xb4 ./FreeRTOS/Source/portable/MemMang/heap_4.o
 .text.__libc_init_array
                0x0000000008004400       0x48 c:/st/stm32cubeide_1.11.0/stm32cubeide/plugins/com.st.stm32cube.ide.mcu.externaltools.gnu-tools-for-stm32.10.3-2021.10.win32_1.0.100.202210260954/tools/bin/../lib/gcc/arm-none-eabi/10.3.1/../../../../arm-none-eabi/lib/thumb/v7e-m+fp/hard\libc_nano.a(lib_a-init.o)
                0x0000000008004400                __libc_init_array
 .text.memcpy   0x0000000008004448       0x1c c:/st/stm32cubeide_1.11.0/stm32cubeide/plugins/com.st.stm32cube.ide.mcu.externaltools.gnu-tools-for-stm32.10.3-2021.10.win32_1.0.100.202210260954/tools/bin/../lib/gcc/arm-none-eabi/10.3.1/../../../../arm-none-eabi/lib/thumb/v7e-m+fp/hard\libc_nano.a(lib_a-memcpy-stub.o)
                0x0000000008004448                memcpy
 .text.memset   0x0000000008004464       0x10 c:/st/stm32cubeide_1.11.0/stm32cubeide/plugins/com.st.stm32cube.ide.mcu.externaltools.gnu-tools-for-stm32.10.3-2021.10.win32_1.0.100.202210260954/tools/bin/../lib/gcc/arm-none-eabi/10.3.1/../../../../arm-none-eabi/lib/thumb/v7e-m+fp/hard\libc_nano.a(lib_a-memset.o)
                0x0000000008004464                memset
 *(.glue_7)
 .glue_7        0x0000000008004474        0x0 linker stubs
 *(.glue_7t)
 .glue_7t       0x0000000008004474        0x0 linker stubs
 *(.eh_frame)
 .eh_frame      0x0000000008004474        0x0 c:/st/stm32cubeide_1.11.0/stm32cubeide/plugins/com.st.stm32cube.ide.mcu.externaltools.gnu-tools-for-stm32.10.3-2021.10.win32_1.0.100.202210260954/tools/bin/../lib/gcc/arm-none-eabi/10.3.1/thumb/v7e-m+fp/hard/crtbegin.o
 *(.init)
 .init          0x0000000008004474        0x4 c:/st/stm32cubeide_1.11.0/stm32cubeide/plugins/com.st.stm32cube.ide.mcu.externaltools.gnu-tools-for-stm32.10.3-2021.10.win32_1.0.100.202210260954/tools/bin/../lib/gcc/arm-none-eabi/10.3.1/thumb/v7e-m+fp/hard/crti.o
                0x0000000008004474                _init
 .init          0x0000000008004478        0x8 c:/st/stm32cubeide_1.11.0/stm32cubeide/plugins/com.st.stm32cube.ide.mcu.externaltools.gnu-tools-for-stm32.10.3-2021.10.win32_1.0.100.202210260954/tools/bin/../lib/gcc/arm-none-eabi/10.3.1/thumb/v7e-m+fp/hard/crtn.o
 *(.fini)
 .fini          0x0000000008004480        0x4 c:/st/stm32cubeide_1.11.0/stm32cubeide/plugins/com.st.stm32cube.ide.mcu.externaltools.gnu-tools-for-stm32.10.3-2021.10.win32_1.0.100.202210260954/tools/bin/../lib/gcc/arm-none-eabi/10.3.1/thumb/v7e-m+fp/hard/crti.o
                0x0000000008004480                _fini
 .fini          0x0000000008004484        0x8 c:/st/stm32cubeide_1.11.0/stm32cubeide/plugins/com.st.stm32cube.ide.mcu.externaltools.gnu-tools-for-stm32.10.3-2021.10.win32_1.0.100.202210260954/tools/bin/../lib/gcc/arm-none-eabi/10.3.1/thumb/v7e-m+fp/hard/crtn.o
                0x000000000800448c                . = ALIGN (0x4)
                0x000000000800448c                _etext = .

.vfp11_veneer   0x000000000800448c        0x0
 .vfp11_veneer  0x000000000800448c        0x0 linker stubs

.v4_bx          0x000000000800448c        0x0
 .v4_bx         0x000000000800448c        0x0 linker stubs

.iplt           0x000000000800448c        0x0
 .iplt          0x000000000800448c        0x0 c:/st/stm32cubeide_1.11.0/stm32cubeide/plugins/com.st.stm32cube.ide.mcu.externaltools.gnu-tools-for-stm32.10.3-2021.10.win32_1.0.100.202210260954/tools/bin/../lib/gcc/arm-none-eabi/10.3.1/thumb/v7e-m+fp/hard/crtbegin.o

.rodata         0x000000000800448c       0x34
                0x000000000800448c                . = ALIGN (0x4)
 *(.rodata)
 .rodata        0x000000000800448c       0x11 ./Core/Src/main.o
 *fill*         0x000000000800449d        0x3 
 .rodata        0x00000000080044a0        0x5 ./FreeRTOS/Source/tasks.o
 *fill*         0x00000000080044a5        0x3 
 .rodata        0x00000000080044a8        0x8 ./FreeRTOS/Source/timers.o
 *(.rodata*)
 .rodata.AHBPrescTable
                0x00000000080044b0       0x10 ./Core/Src/system_stm32f4xx.o
                0x00000000080044b0                AHBPrescTable
                0x00000000080044c0                . = ALIGN (0x4)

.ARM.extab      0x00000000080044c0        0x0
                0x00000000080044c0                . = ALIGN (0x4)
 *(.ARM.extab* .gnu.linkonce.armextab.*)
                0x00000000080044c0                . = ALIGN (0x4)

.ARM            0x00000000080044c0        0x8
                0x00000000080044c0                . = ALIGN (0x4)
                0x00000000080044c0                __exidx_start = .
 *(.ARM.exidx*)
 .ARM.exidx     0x00000000080044c0        0x8 c:/st/stm32cubeide_1.11.0/stm32cubeide/plugins/com.st.stm32cube.ide.mcu.externaltools.gnu-tools-for-stm32.10.3-2021.10.win32_1.0.100.202210260954/tools/bin/../lib/gcc/arm-none-eabi/10.3.1/thumb/v7e-m+fp/hard\libgcc.a(_udivmoddi4.o)
                0x00000000080044c8                __exidx_end = .
                0x00000000080044c8                . = ALIGN (0x4)

.rel.dyn        0x00000000080044c8        0x0
 .rel.iplt      0x00000000080044c8        0x0 c:/st/stm32cubeide_1.11.0/stm32cubeide/plugins/com.st.stm32cube.ide.mcu.externaltools.gnu-tools-for-stm32.10.3-2021.10.win32_1.0.100.202210260954/tools/bin/../lib/gcc/arm-none-eabi/10.3.1/thumb/v7e-m+fp/hard/crtbegin.o

.preinit_array  0x00000000080044c8        0x0
                0x00000000080044c8                . = ALIGN (0x4)
                0x00000000080044c8                PROVIDE (__preinit_array_start = .)
 *(.preinit_array*)
                0x00000000080044c8                PROVIDE (__preinit_array_end = .)
                0x00000000080044c8                . = ALIGN (0x4)

.init_array     0x00000000080044c8        0x4
                0x00000000080044c8                . = ALIGN (0x4)
                0x00000000080044c8                PROVIDE (__init_array_start = .)
 *(SORT_BY_NAME(.init_array.*))
 *(.init_array*)
 .init_array    0x00000000080044c8        0x4 c:/st/stm32cubeide_1.11.0/stm32cubeide/plugins/com.st.stm32cube.ide.mcu.externaltools.gnu-tools-for-stm32.10.3-2021.10.win32_1.0.100.202210260954/tools/bin/../lib/gcc/arm-none-eabi/10.3.1/thumb/v7e-m+fp/hard/crtbegin.o
                0x00000000080044cc                PROVIDE (__init_array_end = .)
                0x00000000080044cc                . = ALIGN (0x4)

.fini_array     0x00000000080044cc        0x4
                0x00000000080044cc                . = ALIGN (0x4)
                [!provide]                        PROVIDE (__fini_array_start = .)
 *(SORT_BY_NAME(.fini_array.*))
 *(.fini_array*)
 .fini_array    0x00000000080044cc        0x4 c:/st/stm32cubeide_1.11.0/stm32cubeide/plugins/com.st.stm32cube.ide.mcu.externaltools.gnu-tools-for-stm32.10.3-2021.10.win32_1.0.100.202210260954/tools/bin/../lib/gcc/arm-none-eabi/10.3.1/thumb/v7e-m+fp/hard/crtbegin.o
                [!provide]                        PROVIDE (__fini_array_end = .)
                0x00000000080044d0                . = ALIGN (0x4)
                0x00000000080044d0                _sidata = LOADADDR (.data)

.data           0x0000000020000000       0x18 load address 0x00000000080044d0
                0x0000000020000000                . = ALIGN (0x4)
                0x0000000020000000                _sdata = .
 *(.data)
 *(.data*)
 .data.ButtonState
                0x0000000020000000        0x1 ./Core/Src/main.o
                0x0000000020000000                ButtonState
 *fill*         0x0000000020000001        0x3 
 .data.SystemCoreClock
                0x0000000020000004        0x4 ./Core/Src/system_stm32f4xx.o
                0x0000000020000004                SystemCoreClock
 .data.uwTickPrio
                0x0000000020000008        0x4 ./Drivers/STM32F4xx_HAL_Driver/Src/stm32f4xx_hal.o
                0x0000000020000008                uwTickPrio
 .data.uwTickFreq
                0x000000002000000c        0x1 ./Drivers/STM32F4xx_HAL_Driver/Src/stm32f4xx_hal.o
                0x000000002000000c                uwTickFreq
 *fill*         0x000000002000000d        0x3 
 .data.uxTopUsedPriority
                0x0000000020000010        0x4 ./FreeRTOS/Source/tasks.o
                0x0000000020000010                uxTopUsedPriority
 .data.uxCriticalNesting
                0x0000000020000014        0x4 ./FreeRTOS/Source/portable/GCC/ARM_CM4F/port.o
 *(.RamFunc)
 *(.RamFunc*)
                0x0000000020000018                . = ALIGN (0x4)
                0x0000000020000018                _edata = .

.igot.plt       0x0000000020000018        0x0 load address 0x00000000080044e8
 .igot.plt      0x0000000020000018        0x0 c:/st/stm32cubeide_1.11.0/stm32cubeide/plugins/com.st.stm32cube.ide.mcu.externaltools.gnu-tools-for-stm32.10.3-2021.10.win32_1.0.100.202210260954/tools/bin/../lib/gcc/arm-none-eabi/10.3.1/thumb/v7e-m+fp/hard/crtbegin.o
                0x0000000020000018                . = ALIGN (0x4)

.bss            0x0000000020000018     0x7988 load address 0x00000000080044e8
                0x0000000020000018                _sbss = .
                0x0000000020000018                __bss_start__ = _sbss
 *(.bss)
 .bss           0x0000000020000018       0x1c c:/st/stm32cubeide_1.11.0/stm32cubeide/plugins/com.st.stm32cube.ide.mcu.externaltools.gnu-tools-for-stm32.10.3-2021.10.win32_1.0.100.202210260954/tools/bin/../lib/gcc/arm-none-eabi/10.3.1/thumb/v7e-m+fp/hard/crtbegin.o
 *(.bss*)
 .bss.ButtonSemaphore
                0x0000000020000034        0x4 ./Core/Src/main.o
                0x0000000020000034                ButtonSemaphore
 .bss.uwTick    0x0000000020000038        0x4 ./Drivers/STM32F4xx_HAL_Driver/Src/stm32f4xx_hal.o
                0x0000000020000038                uwTick
 .bss.pxCurrentTCB
                0x000000002000003c        0x4 ./FreeRTOS/Source/tasks.o
                0x000000002000003c                pxCurrentTCB
 .bss.pxReadyTasksLists
                0x0000000020000040       0x64 ./FreeRTOS/Source/tasks.o
 .bss.xDelayedTaskList1
                0x00000000200000a4       0x14 ./FreeRTOS/Source/tasks.o
 .bss.xDelayedTaskList2
                0x00000000200000b8       0x14 ./FreeRTOS/Source/tasks.o
 .bss.pxDelayedTaskList
                0x00000000200000cc        0x4 ./FreeRTOS/Source/tasks.o
 .bss.pxOverflowDelayedTaskList
                0x00000000200000d0        0x4 ./FreeRTOS/Source/tasks.o
 .bss.xPendingReadyList
                0x00000000200000d4       0x14 ./FreeRTOS/Source/tasks.o
 .bss.xTasksWaitingTermination
                0x00000000200000e8       0x14 ./FreeRTOS/Source/tasks.o
 .bss.uxDeletedTasksWaitingCleanUp
                0x00000000200000fc        0x4 ./FreeRTOS/Source/tasks.o
 .bss.xSuspendedTaskList
                0x0000000020000100       0x14 ./FreeRTOS/Source/tasks.o
 .bss.uxCurrentNumberOfTasks
                0x0000000020000114        0x4 ./FreeRTOS/Source/tasks.o
 .bss.xTickCount
                0x0000000020000118        0x4 ./FreeRTOS/Source/tasks.o
 .bss.uxTopReadyPriority
                0x000000002000011c        0x4 ./FreeRTOS/Source/tasks.o
 .bss.xSchedulerRunning
                0x0000000020000120        0x4 ./FreeRTOS/Source/tasks.o
 .bss.xPendedTicks
                0x0000000020000124        0x4 ./FreeRTOS/Source/tasks.o
 .bss.xYieldPending
                0x0000000020000128        0x4 ./FreeRTOS/Source/tasks.o
 .bss.xNumOfOverflows
                0x000000002000012c        0x4 ./FreeRTOS/Source/tasks.o
 .bss.uxTaskNumber
                0x0000000020000130        0x4 ./FreeRTOS/Source/tasks.o
 .bss.xNextTaskUnblockTime
                0x0000000020000134        0x4 ./FreeRTOS/Source/tasks.o
 .bss.xIdleTaskHandle
                0x0000000020000138        0x4 ./FreeRTOS/Source/tasks.o
 .bss.uxSchedulerSuspended
                0x000000002000013c        0x4 ./FreeRTOS/Source/tasks.o
 .bss.xActiveTimerList1
                0x0000000020000140       0x14 ./FreeRTOS/Source/timers.o
 .bss.xActiveTimerList2
                0x0000000020000154       0x14 ./FreeRTOS/Source/timers.o
 .bss.pxCurrentTimerList
                0x0000000020000168        0x4 ./FreeRTOS/Source/timers.o
 .bss.pxOverflowTimerList
                0x000000002000016c        0x4 ./FreeRTOS/Source/timers.o
 .bss.xTimerQueue
                0x0000000020000170        0x4 ./FreeRTOS/Source/timers.o
 .bss.xTimerTaskHandle
                0x0000000020000174        0x4 ./FreeRTOS/Source/timers.o
 .bss.xLastTime.0
                0x0000000020000178        0x4 ./FreeRTOS/Source/timers.o
 .bss.ucMaxSysCallPriority
                0x000000002000017c        0x1 ./FreeRTOS/Source/portable/GCC/ARM_CM4F/port.o
 *fill*         0x000000002000017d        0x3 
 .bss.ulMaxPRIGROUPValue
                0x0000000020000180        0x4 ./FreeRTOS/Source/portable/GCC/ARM_CM4F/port.o
 .bss.ucHeap    0x0000000020000184     0x7800 ./FreeRTOS/Source/portable/MemMang/heap_4.o
 .bss.xStart    0x0000000020007984        0x8 ./FreeRTOS/Source/portable/MemMang/heap_4.o
 .bss.pxEnd     0x000000002000798c        0x4 ./FreeRTOS/Source/portable/MemMang/heap_4.o
 .bss.xFreeBytesRemaining
                0x0000000020007990        0x4 ./FreeRTOS/Source/portable/MemMang/heap_4.o
 .bss.xMinimumEverFreeBytesRemaining
                0x0000000020007994        0x4 ./FreeRTOS/Source/portable/MemMang/heap_4.o
 .bss.xNumberOfSuccessfulAllocations
                0x0000000020007998        0x4 ./FreeRTOS/Source/portable/MemMang/heap_4.o
 .bss.xNumberOfSuccessfulFrees
                0x000000002000799c        0x4 ./FreeRTOS/Source/portable/MemMang/heap_4.o
 *(COMMON)
                0x00000000200079a0                . = ALIGN (0x4)
                0x00000000200079a0                _ebss = .
                0x00000000200079a0                __bss_end__ = _ebss

._user_heap_stack
                0x00000000200079a0      0x600 load address 0x00000000080044e8
                0x00000000200079a0                . = ALIGN (0x8)
                [!provide]                        PROVIDE (end = .)
                0x00000000200079a0                PROVIDE (_end = .)
                0x0000000020007ba0                . = (. + _Min_Heap_Size)
 *fill*         0x00000000200079a0      0x200 
                0x0000000020007fa0                . = (. + _Min_Stack_Size)
 *fill*         0x0000000020007ba0      0x400 
                0x0000000020007fa0                . = ALIGN (0x8)

/DISCARD/
 libc.a(*)
 libm.a(*)
 libgcc.a(*)

.ARM.attributes
                0x0000000000000000       0x30
 *(.ARM.attributes)
 .ARM.attributes
                0x0000000000000000       0x1e c:/st/stm32cubeide_1.11.0/stm32cubeide/plugins/com.st.stm32cube.ide.mcu.externaltools.gnu-tools-for-stm32.10.3-2021.10.win32_1.0.100.202210260954/tools/bin/../lib/gcc/arm-none-eabi/10.3.1/thumb/v7e-m+fp/hard/crti.o
 .ARM.attributes
                0x000000000000001e       0x34 c:/st/stm32cubeide_1.11.0/stm32cubeide/plugins/com.st.stm32cube.ide.mcu.externaltools.gnu-tools-for-stm32.10.3-2021.10.win32_1.0.100.202210260954/tools/bin/../lib/gcc/arm-none-eabi/10.3.1/thumb/v7e-m+fp/hard/crtbegin.o
 .ARM.attributes
                0x0000000000000052       0x34 ./Core/Src/main.o
 .ARM.attributes
                0x0000000000000086       0x34 ./Core/Src/stm32f4xx_hal_msp.o
 .ARM.attributes
                0x00000000000000ba       0x34 ./Core/Src/stm32f4xx_it.o
 .ARM.attributes
                0x00000000000000ee       0x34 ./Core/Src/system_stm32f4xx.o
 .ARM.attributes
                0x0000000000000122       0x21 ./Core/Startup/startup_stm32f401retx.o
 .ARM.attributes
                0x0000000000000143       0x34 ./Drivers/STM32F4xx_HAL_Driver/Src/stm32f4xx_hal.o
 .ARM.attributes
                0x0000000000000177       0x34 ./Drivers/STM32F4xx_HAL_Driver/Src/stm32f4xx_hal_cortex.o
 .ARM.attributes
                0x00000000000001ab       0x34 ./Drivers/STM32F4xx_HAL_Driver/Src/stm32f4xx_hal_gpio.o
 .ARM.attributes
                0x00000000000001df       0x34 ./Drivers/STM32F4xx_HAL_Driver/Src/stm32f4xx_hal_rcc.o
 .ARM.attributes
                0x0000000000000213       0x34 ./FreeRTOS/Source/list.o
 .ARM.attributes
                0x0000000000000247       0x34 ./FreeRTOS/Source/queue.o
 .ARM.attributes
                0x000000000000027b       0x34 ./FreeRTOS/Source/tasks.o
 .ARM.attributes
                0x00000000000002af       0x34 ./FreeRTOS/Source/timers.o
 .ARM.attributes
                0x00000000000002e3       0x34 ./FreeRTOS/Source/portable/GCC/ARM_CM4F/port.o
 .ARM.attributes
                0x0000000000000317       0x34 ./FreeRTOS/Source/portable/MemMang/heap_4.o
 .ARM.attributes
                0x000000000000034b       0x34 c:/st/stm32cubeide_1.11.0/stm32cubeide/plugins/com.st.stm32cube.ide.mcu.externaltools.gnu-tools-for-stm32.10.3-2021.10.win32_1.0.100.202210260954/tools/bin/../lib/gcc/arm-none-eabi/10.3.1/../../../../arm-none-eabi/lib/thumb/v7e-m+fp/hard\libc_nano.a(lib_a-init.o)
 .ARM.attributes
                0x000000000000037f       0x34 c:/st/stm32cubeide_1.11.0/stm32cubeide/plugins/com.st.stm32cube.ide.mcu.externaltools.gnu-tools-for-stm32.10.3-2021.10.win32_1.0.100.202210260954/tools/bin/../lib/gcc/arm-none-eabi/10.3.1/../../../../arm-none-eabi/lib/thumb/v7e-m+fp/hard\libc_nano.a(lib_a-memcpy-stub.o)
 .ARM.attributes
                0x00000000000003b3       0x34 c:/st/stm32cubeide_1.11.0/stm32cubeide/plugins/com.st.stm32cube.ide.mcu.externaltools.gnu-tools-for-stm32.10.3-2021.10.win32_1.0.100.202210260954/tools/bin/../lib/gcc/arm-none-eabi/10.3.1/../../../../arm-none-eabi/lib/thumb/v7e-m+fp/hard\libc_nano.a(lib_a-memset.o)
 .ARM.attributes
                0x00000000000003e7       0x1e c:/st/stm32cubeide_1.11.0/stm32cubeide/plugins/com.st.stm32cube.ide.mcu.externaltools.gnu-tools-for-stm32.10.3-2021.10.win32_1.0.100.202210260954/tools/bin/../lib/gcc/arm-none-eabi/10.3.1/thumb/v7e-m+fp/hard\libgcc.a(_aeabi_uldivmod.o)
 .ARM.attributes
                0x0000000000000405       0x34 c:/st/stm32cubeide_1.11.0/stm32cubeide/plugins/com.st.stm32cube.ide.mcu.externaltools.gnu-tools-for-stm32.10.3-2021.10.win32_1.0.100.202210260954/tools/bin/../lib/gcc/arm-none-eabi/10.3.1/thumb/v7e-m+fp/hard\libgcc.a(_udivmoddi4.o)
 .ARM.attributes
                0x0000000000000439       0x1e c:/st/stm32cubeide_1.11.0/stm32cubeide/plugins/com.st.stm32cube.ide.mcu.externaltools.gnu-tools-for-stm32.10.3-2021.10.win32_1.0.100.202210260954/tools/bin/../lib/gcc/arm-none-eabi/10.3.1/thumb/v7e-m+fp/hard\libgcc.a(_dvmd_tls.o)
 .ARM.attributes
                0x0000000000000457       0x1e c:/st/stm32cubeide_1.11.0/stm32cubeide/plugins/com.st.stm32cube.ide.mcu.externaltools.gnu-tools-for-stm32.10.3-2021.10.win32_1.0.100.202210260954/tools/bin/../lib/gcc/arm-none-eabi/10.3.1/thumb/v7e-m+fp/hard/crtn.o
OUTPUT(RTOS_TASK8.elf elf32-littlearm)
LOAD linker stubs
LOAD c:/st/stm32cubeide_1.11.0/stm32cubeide/plugins/com.st.stm32cube.ide.mcu.externaltools.gnu-tools-for-stm32.10.3-2021.10.win32_1.0.100.202210260954/tools/bin/../lib/gcc/arm-none-eabi/10.3.1/../../../../arm-none-eabi/lib/thumb/v7e-m+fp/hard\libc.a
LOAD c:/st/stm32cubeide_1.11.0/stm32cubeide/plugins/com.st.stm32cube.ide.mcu.externaltools.gnu-tools-for-stm32.10.3-2021.10.win32_1.0.100.202210260954/tools/bin/../lib/gcc/arm-none-eabi/10.3.1/../../../../arm-none-eabi/lib/thumb/v7e-m+fp/hard\libm.a
LOAD c:/st/stm32cubeide_1.11.0/stm32cubeide/plugins/com.st.stm32cube.ide.mcu.externaltools.gnu-tools-for-stm32.10.3-2021.10.win32_1.0.100.202210260954/tools/bin/../lib/gcc/arm-none-eabi/10.3.1/thumb/v7e-m+fp/hard\libgcc.a

.debug_info     0x0000000000000000     0x8d72
 .debug_info    0x0000000000000000      0x9e9 ./Core/Src/main.o
 .debug_info    0x00000000000009e9      0x2d4 ./Core/Src/stm32f4xx_hal_msp.o
 .debug_info    0x0000000000000cbd       0xe3 ./Core/Src/stm32f4xx_it.o
 .debug_info    0x0000000000000da0      0x54f ./Core/Src/system_stm32f4xx.o
 .debug_info    0x00000000000012ef       0x22 ./Core/Startup/startup_stm32f401retx.o
 .debug_info    0x0000000000001311      0x906 ./Drivers/STM32F4xx_HAL_Driver/Src/stm32f4xx_hal.o
 .debug_info    0x0000000000001c17      0xd85 ./Drivers/STM32F4xx_HAL_Driver/Src/stm32f4xx_hal_cortex.o
 .debug_info    0x000000000000299c      0x78e ./Drivers/STM32F4xx_HAL_Driver/Src/stm32f4xx_hal_gpio.o
 .debug_info    0x000000000000312a      0x98c ./Drivers/STM32F4xx_HAL_Driver/Src/stm32f4xx_hal_rcc.o
 .debug_info    0x0000000000003ab6      0x2d1 ./FreeRTOS/Source/list.o
 .debug_info    0x0000000000003d87     0x15d8 ./FreeRTOS/Source/queue.o
 .debug_info    0x000000000000535f     0x219c ./FreeRTOS/Source/tasks.o
 .debug_info    0x00000000000074fb      0xe26 ./FreeRTOS/Source/timers.o
 .debug_info    0x0000000000008321      0x4fb ./FreeRTOS/Source/portable/GCC/ARM_CM4F/port.o
 .debug_info    0x000000000000881c      0x556 ./FreeRTOS/Source/portable/MemMang/heap_4.o

.debug_abbrev   0x0000000000000000     0x1d18
 .debug_abbrev  0x0000000000000000      0x2d4 ./Core/Src/main.o
 .debug_abbrev  0x00000000000002d4       0xd4 ./Core/Src/stm32f4xx_hal_msp.o
 .debug_abbrev  0x00000000000003a8       0x47 ./Core/Src/stm32f4xx_it.o
 .debug_abbrev  0x00000000000003ef      0x116 ./Core/Src/system_stm32f4xx.o
 .debug_abbrev  0x0000000000000505       0x12 ./Core/Startup/startup_stm32f401retx.o
 .debug_abbrev  0x0000000000000517      0x23e ./Drivers/STM32F4xx_HAL_Driver/Src/stm32f4xx_hal.o
 .debug_abbrev  0x0000000000000755      0x316 ./Drivers/STM32F4xx_HAL_Driver/Src/stm32f4xx_hal_cortex.o
 .debug_abbrev  0x0000000000000a6b      0x1c4 ./Drivers/STM32F4xx_HAL_Driver/Src/stm32f4xx_hal_gpio.o
 .debug_abbrev  0x0000000000000c2f      0x2aa ./Drivers/STM32F4xx_HAL_Driver/Src/stm32f4xx_hal_rcc.o
 .debug_abbrev  0x0000000000000ed9       0xf2 ./FreeRTOS/Source/list.o
 .debug_abbrev  0x0000000000000fcb      0x2c0 ./FreeRTOS/Source/queue.o
 .debug_abbrev  0x000000000000128b      0x350 ./FreeRTOS/Source/tasks.o
 .debug_abbrev  0x00000000000015db      0x2a9 ./FreeRTOS/Source/timers.o
 .debug_abbrev  0x0000000000001884      0x246 ./FreeRTOS/Source/portable/GCC/ARM_CM4F/port.o
 .debug_abbrev  0x0000000000001aca      0x24e ./FreeRTOS/Source/portable/MemMang/heap_4.o

.debug_aranges  0x0000000000000000      0x888
 .debug_aranges
                0x0000000000000000       0x48 ./Core/Src/main.o
 .debug_aranges
                0x0000000000000048       0x20 ./Core/Src/stm32f4xx_hal_msp.o
 .debug_aranges
                0x0000000000000068       0x48 ./Core/Src/stm32f4xx_it.o
 .debug_aranges
                0x00000000000000b0       0x28 ./Core/Src/system_stm32f4xx.o
 .debug_aranges
                0x00000000000000d8       0x28 ./Core/Startup/startup_stm32f401retx.o
 .debug_aranges
                0x0000000000000100       0xf0 ./Drivers/STM32F4xx_HAL_Driver/Src/stm32f4xx_hal.o
 .debug_aranges
                0x00000000000001f0      0x118 ./Drivers/STM32F4xx_HAL_Driver/Src/stm32f4xx_hal_cortex.o
 .debug_aranges
                0x0000000000000308       0x58 ./Drivers/STM32F4xx_HAL_Driver/Src/stm32f4xx_hal_gpio.o
 .debug_aranges
                0x0000000000000360       0x88 ./Drivers/STM32F4xx_HAL_Driver/Src/stm32f4xx_hal_rcc.o
 .debug_aranges
                0x00000000000003e8       0x40 ./FreeRTOS/Source/list.o
 .debug_aranges
                0x0000000000000428       0xe8 ./FreeRTOS/Source/queue.o
 .debug_aranges
                0x0000000000000510      0x1c0 ./FreeRTOS/Source/tasks.o
 .debug_aranges
                0x00000000000006d0       0xd8 ./FreeRTOS/Source/timers.o
 .debug_aranges
                0x00000000000007a8       0x80 ./FreeRTOS/Source/portable/GCC/ARM_CM4F/port.o
 .debug_aranges
                0x0000000000000828       0x60 ./FreeRTOS/Source/portable/MemMang/heap_4.o

.debug_ranges   0x0000000000000000      0x7a0
 .debug_ranges  0x0000000000000000       0x38 ./Core/Src/main.o
 .debug_ranges  0x0000000000000038       0x10 ./Core/Src/stm32f4xx_hal_msp.o
 .debug_ranges  0x0000000000000048       0x38 ./Core/Src/stm32f4xx_it.o
 .debug_ranges  0x0000000000000080       0x18 ./Core/Src/system_stm32f4xx.o
 .debug_ranges  0x0000000000000098       0x20 ./Core/Startup/startup_stm32f401retx.o
 .debug_ranges  0x00000000000000b8       0xe0 ./Drivers/STM32F4xx_HAL_Driver/Src/stm32f4xx_hal.o
 .debug_ranges  0x0000000000000198      0x108 ./Drivers/STM32F4xx_HAL_Driver/Src/stm32f4xx_hal_cortex.o
 .debug_ranges  0x00000000000002a0       0x48 ./Drivers/STM32F4xx_HAL_Driver/Src/stm32f4xx_hal_gpio.o
 .debug_ranges  0x00000000000002e8       0x78 ./Drivers/STM32F4xx_HAL_Driver/Src/stm32f4xx_hal_rcc.o
 .debug_ranges  0x0000000000000360       0x30 ./FreeRTOS/Source/list.o
 .debug_ranges  0x0000000000000390       0xd8 ./FreeRTOS/Source/queue.o
 .debug_ranges  0x0000000000000468      0x1b0 ./FreeRTOS/Source/tasks.o
 .debug_ranges  0x0000000000000618       0xc8 ./FreeRTOS/Source/timers.o
 .debug_ranges  0x00000000000006e0       0x70 ./FreeRTOS/Source/portable/GCC/ARM_CM4F/port.o
 .debug_ranges  0x0000000000000750       0x50 ./FreeRTOS/Source/portable/MemMang/heap_4.o

.debug_macro    0x0000000000000000    0x15ac7
 .debug_macro   0x0000000000000000      0x25b ./Core/Src/main.o
 .debug_macro   0x000000000000025b      0xa78 ./Core/Src/main.o
 .debug_macro   0x0000000000000cd3      0x28f ./Core/Src/main.o
 .debug_macro   0x0000000000000f62       0x2e ./Core/Src/main.o
 .debug_macro   0x0000000000000f90       0x28 ./Core/Src/main.o
 .debug_macro   0x0000000000000fb8       0x22 ./Core/Src/main.o
 .debug_macro   0x0000000000000fda       0x8e ./Core/Src/main.o
 .debug_macro   0x0000000000001068       0x51 ./Core/Src/main.o
 .debug_macro   0x00000000000010b9      0x103 ./Core/Src/main.o
 .debug_macro   0x00000000000011bc       0x6a ./Core/Src/main.o
 .debug_macro   0x0000000000001226      0x1df ./Core/Src/main.o
 .debug_macro   0x0000000000001405       0x1c ./Core/Src/main.o
 .debug_macro   0x0000000000001421       0x22 ./Core/Src/main.o
 .debug_macro   0x0000000000001443       0xd9 ./Core/Src/main.o
 .debug_macro   0x000000000000151c     0x102d ./Core/Src/main.o
 .debug_macro   0x0000000000002549      0x11f ./Core/Src/main.o
 .debug_macro   0x0000000000002668     0xb86c ./Core/Src/main.o
 .debug_macro   0x000000000000ded4       0x6d ./Core/Src/main.o
 .debug_macro   0x000000000000df41     0x367e ./Core/Src/main.o
 .debug_macro   0x00000000000115bf      0x174 ./Core/Src/main.o
 .debug_macro   0x0000000000011733       0x5c ./Core/Src/main.o
 .debug_macro   0x000000000001178f      0x416 ./Core/Src/main.o
 .debug_macro   0x0000000000011ba5      0x9fe ./Core/Src/main.o
 .debug_macro   0x00000000000125a3      0x115 ./Core/Src/main.o
 .debug_macro   0x00000000000126b8       0xf8 ./Core/Src/main.o
 .debug_macro   0x00000000000127b0       0xa5 ./Core/Src/main.o
 .debug_macro   0x0000000000012855      0x15f ./Core/Src/main.o
 .debug_macro   0x00000000000129b4      0x287 ./Core/Src/main.o
 .debug_macro   0x0000000000012c3b       0x5f ./Core/Src/main.o
 .debug_macro   0x0000000000012c9a      0x236 ./Core/Src/main.o
 .debug_macro   0x0000000000012ed0      0x132 ./Core/Src/main.o
 .debug_macro   0x0000000000013002      0x264 ./Core/Src/main.o
 .debug_macro   0x0000000000013266       0x2e ./Core/Src/main.o
 .debug_macro   0x0000000000013294      0x11a ./Core/Src/main.o
 .debug_macro   0x00000000000133ae       0x85 ./Core/Src/main.o
 .debug_macro   0x0000000000013433       0x89 ./Core/Src/main.o
 .debug_macro   0x00000000000134bc      0x126 ./Core/Src/main.o
 .debug_macro   0x00000000000135e2      0x100 ./Core/Src/main.o
 .debug_macro   0x00000000000136e2      0x15a ./Core/Src/main.o
 .debug_macro   0x000000000001383c       0xea ./Core/Src/main.o
 .debug_macro   0x0000000000013926       0x28 ./Core/Src/main.o
 .debug_macro   0x000000000001394e       0x1f ./Core/Src/main.o
 .debug_macro   0x000000000001396d       0x12 ./Core/Src/main.o
 .debug_macro   0x000000000001397f      0x53b ./Core/Src/main.o
 .debug_macro   0x0000000000013eba       0xc3 ./Core/Src/main.o
 .debug_macro   0x0000000000013f7d      0x120 ./Core/Src/main.o
 .debug_macro   0x000000000001409d       0x80 ./Core/Src/main.o
 .debug_macro   0x000000000001411d       0x62 ./Core/Src/main.o
 .debug_macro   0x000000000001417f      0x1ba ./Core/Src/stm32f4xx_hal_msp.o
 .debug_macro   0x0000000000014339      0x1c4 ./Core/Src/stm32f4xx_it.o
 .debug_macro   0x00000000000144fd      0x1b0 ./Core/Src/system_stm32f4xx.o
 .debug_macro   0x00000000000146ad      0x210 ./Drivers/STM32F4xx_HAL_Driver/Src/stm32f4xx_hal.o
 .debug_macro   0x00000000000148bd      0x1b0 ./Drivers/STM32F4xx_HAL_Driver/Src/stm32f4xx_hal_cortex.o
 .debug_macro   0x0000000000014a6d      0x1b6 ./Drivers/STM32F4xx_HAL_Driver/Src/stm32f4xx_hal_gpio.o
 .debug_macro   0x0000000000014c23      0x1d4 ./Drivers/STM32F4xx_HAL_Driver/Src/stm32f4xx_hal_rcc.o
 .debug_macro   0x0000000000014df7      0x198 ./FreeRTOS/Source/list.o
 .debug_macro   0x0000000000014f8f      0x22f ./FreeRTOS/Source/queue.o
 .debug_macro   0x00000000000151be       0x16 ./FreeRTOS/Source/queue.o
 .debug_macro   0x00000000000151d4       0x20 ./FreeRTOS/Source/queue.o
 .debug_macro   0x00000000000151f4      0x27e ./FreeRTOS/Source/tasks.o
 .debug_macro   0x0000000000015472       0x17 ./FreeRTOS/Source/tasks.o
 .debug_macro   0x0000000000015489      0x1e7 ./FreeRTOS/Source/timers.o
 .debug_macro   0x0000000000015670       0x97 ./FreeRTOS/Source/timers.o
 .debug_macro   0x0000000000015707      0x1a7 ./FreeRTOS/Source/portable/GCC/ARM_CM4F/port.o
 .debug_macro   0x00000000000158ae      0x219 ./FreeRTOS/Source/portable/MemMang/heap_4.o

.debug_line     0x0000000000000000     0x9ef3
 .debug_line    0x0000000000000000      0x910 ./Core/Src/main.o
 .debug_line    0x0000000000000910      0x67a ./Core/Src/stm32f4xx_hal_msp.o
 .debug_line    0x0000000000000f8a      0x6ff ./Core/Src/stm32f4xx_it.o
 .debug_line    0x0000000000001689      0x6fc ./Core/Src/system_stm32f4xx.o
 .debug_line    0x0000000000001d85       0x88 ./Core/Startup/startup_stm32f401retx.o
 .debug_line    0x0000000000001e0d      0x962 ./Drivers/STM32F4xx_HAL_Driver/Src/stm32f4xx_hal.o
 .debug_line    0x000000000000276f      0xc11 ./Drivers/STM32F4xx_HAL_Driver/Src/stm32f4xx_hal_cortex.o
 .debug_line    0x0000000000003380      0xa9a ./Drivers/STM32F4xx_HAL_Driver/Src/stm32f4xx_hal_gpio.o
 .debug_line    0x0000000000003e1a      0xcde ./Drivers/STM32F4xx_HAL_Driver/Src/stm32f4xx_hal_rcc.o
 .debug_line    0x0000000000004af8      0x743 ./FreeRTOS/Source/list.o
 .debug_line    0x000000000000523b     0x13f9 ./FreeRTOS/Source/queue.o
 .debug_line    0x0000000000006634     0x1ad5 ./FreeRTOS/Source/tasks.o
 .debug_line    0x0000000000008109      0xc04 ./FreeRTOS/Source/timers.o
 .debug_line    0x0000000000008d0d      0x81f ./FreeRTOS/Source/portable/GCC/ARM_CM4F/port.o
 .debug_line    0x000000000000952c      0x9c7 ./FreeRTOS/Source/portable/MemMang/heap_4.o

.debug_str      0x0000000000000000    0x8a7c4
 .debug_str     0x0000000000000000    0x82ea4 ./Core/Src/main.o
                                      0x83198 (size before relaxing)
 .debug_str     0x0000000000082ea4       0x2c ./Core/Src/stm32f4xx_hal_msp.o
                                      0x7d077 (size before relaxing)
 .debug_str     0x0000000000082ed0       0x92 ./Core/Src/stm32f4xx_it.o
                                      0x7cfb4 (size before relaxing)
 .debug_str     0x0000000000082f62       0xdb ./Core/Src/system_stm32f4xx.o
                                      0x7d127 (size before relaxing)
 .debug_str     0x000000000008303d       0x36 ./Core/Startup/startup_stm32f401retx.o
                                         0x69 (size before relaxing)
 .debug_str     0x0000000000083073      0x9c4 ./Drivers/STM32F4xx_HAL_Driver/Src/stm32f4xx_hal.o
                                      0x7db49 (size before relaxing)
 .debug_str     0x0000000000083a37      0x34d ./Drivers/STM32F4xx_HAL_Driver/Src/stm32f4xx_hal_cortex.o
                                      0x7d86a (size before relaxing)
 .debug_str     0x0000000000083d84      0x10d ./Drivers/STM32F4xx_HAL_Driver/Src/stm32f4xx_hal_gpio.o
                                      0x7d2a2 (size before relaxing)
 .debug_str     0x0000000000083e91      0x233 ./Drivers/STM32F4xx_HAL_Driver/Src/stm32f4xx_hal_rcc.o
                                      0x7d55b (size before relaxing)
 .debug_str     0x00000000000840c4     0x3004 ./FreeRTOS/Source/list.o
                                       0xacd5 (size before relaxing)
 .debug_str     0x00000000000870c8      0xb87 ./FreeRTOS/Source/queue.o
                                       0xd245 (size before relaxing)
 .debug_str     0x0000000000087c4f     0x18c9 ./FreeRTOS/Source/tasks.o
                                       0xdbb9 (size before relaxing)
 .debug_str     0x0000000000089518      0x507 ./FreeRTOS/Source/timers.o
                                       0xd507 (size before relaxing)
 .debug_str     0x0000000000089a1f      0x7d2 ./FreeRTOS/Source/portable/GCC/ARM_CM4F/port.o
                                       0x9834 (size before relaxing)
 .debug_str     0x000000000008a1f1      0x5d3 ./FreeRTOS/Source/portable/MemMang/heap_4.o
                                       0xc4ff (size before relaxing)

.comment        0x0000000000000000       0x50
 .comment       0x0000000000000000       0x50 ./Core/Src/main.o
                                         0x51 (size before relaxing)
 .comment       0x0000000000000050       0x51 ./Core/Src/stm32f4xx_hal_msp.o
 .comment       0x0000000000000050       0x51 ./Core/Src/stm32f4xx_it.o
 .comment       0x0000000000000050       0x51 ./Core/Src/system_stm32f4xx.o
 .comment       0x0000000000000050       0x51 ./Drivers/STM32F4xx_HAL_Driver/Src/stm32f4xx_hal.o
 .comment       0x0000000000000050       0x51 ./Drivers/STM32F4xx_HAL_Driver/Src/stm32f4xx_hal_cortex.o
 .comment       0x0000000000000050       0x51 ./Drivers/STM32F4xx_HAL_Driver/Src/stm32f4xx_hal_gpio.o
 .comment       0x0000000000000050       0x51 ./Drivers/STM32F4xx_HAL_Driver/Src/stm32f4xx_hal_rcc.o
 .comment       0x0000000000000050       0x51 ./FreeRTOS/Source/list.o
 .comment       0x0000000000000050       0x51 ./FreeRTOS/Source/queue.o
 .comment       0x0000000000000050       0x51 ./FreeRTOS/Source/tasks.o
 .comment       0x0000000000000050       0x51 ./FreeRTOS/Source/timers.o
 .comment       0x0000000000000050       0x51 ./FreeRTOS/Source/portable/GCC/ARM_CM4F/port.o
 .comment       0x0000000000000050       0x51 ./FreeRTOS/Source/portable/MemMang/heap_4.o

.debug_frame    0x0000000000000000     0x20dc
 .debug_frame   0x0000000000000000       0xd0 ./Core/Src/main.o
 .debug_frame   0x00000000000000d0       0x38 ./Core/Src/stm32f4xx_hal_msp.o
 .debug_frame   0x0000000000000108       0xa8 ./Core/Src/stm32f4xx_it.o
 .debug_frame   0x00000000000001b0       0x58 ./Core/Src/system_stm32f4xx.o
 .debug_frame   0x0000000000000208      0x374 ./Drivers/STM32F4xx_HAL_Driver/Src/stm32f4xx_hal.o
 .debug_frame   0x000000000000057c      0x498 ./Drivers/STM32F4xx_HAL_Driver/Src/stm32f4xx_hal_cortex.o
 .debug_frame   0x0000000000000a14      0x14c ./Drivers/STM32F4xx_HAL_Driver/Src/stm32f4xx_hal_gpio.o
 .debug_frame   0x0000000000000b60      0x1f4 ./Drivers/STM32F4xx_HAL_Driver/Src/stm32f4xx_hal_rcc.o
 .debug_frame   0x0000000000000d54       0xd8 ./FreeRTOS/Source/list.o
 .debug_frame   0x0000000000000e2c      0x3cc ./FreeRTOS/Source/queue.o
 .debug_frame   0x00000000000011f8      0x7a0 ./FreeRTOS/Source/tasks.o
 .debug_frame   0x0000000000001998      0x378 ./FreeRTOS/Source/timers.o
 .debug_frame   0x0000000000001d10      0x1a8 ./FreeRTOS/Source/portable/GCC/ARM_CM4F/port.o
 .debug_frame   0x0000000000001eb8      0x150 ./FreeRTOS/Source/portable/MemMang/heap_4.o
 .debug_frame   0x0000000000002008       0x2c c:/st/stm32cubeide_1.11.0/stm32cubeide/plugins/com.st.stm32cube.ide.mcu.externaltools.gnu-tools-for-stm32.10.3-2021.10.win32_1.0.100.202210260954/tools/bin/../lib/gcc/arm-none-eabi/10.3.1/../../../../arm-none-eabi/lib/thumb/v7e-m+fp/hard\libc_nano.a(lib_a-init.o)
 .debug_frame   0x0000000000002034       0x28 c:/st/stm32cubeide_1.11.0/stm32cubeide/plugins/com.st.stm32cube.ide.mcu.externaltools.gnu-tools-for-stm32.10.3-2021.10.win32_1.0.100.202210260954/tools/bin/../lib/gcc/arm-none-eabi/10.3.1/../../../../arm-none-eabi/lib/thumb/v7e-m+fp/hard\libc_nano.a(lib_a-memcpy-stub.o)
 .debug_frame   0x000000000000205c       0x20 c:/st/stm32cubeide_1.11.0/stm32cubeide/plugins/com.st.stm32cube.ide.mcu.externaltools.gnu-tools-for-stm32.10.3-2021.10.win32_1.0.100.202210260954/tools/bin/../lib/gcc/arm-none-eabi/10.3.1/../../../../arm-none-eabi/lib/thumb/v7e-m+fp/hard\libc_nano.a(lib_a-memset.o)
 .debug_frame   0x000000000000207c       0x2c c:/st/stm32cubeide_1.11.0/stm32cubeide/plugins/com.st.stm32cube.ide.mcu.externaltools.gnu-tools-for-stm32.10.3-2021.10.win32_1.0.100.202210260954/tools/bin/../lib/gcc/arm-none-eabi/10.3.1/thumb/v7e-m+fp/hard\libgcc.a(_aeabi_uldivmod.o)
 .debug_frame   0x00000000000020a8       0x34 c:/st/stm32cubeide_1.11.0/stm32cubeide/plugins/com.st.stm32cube.ide.mcu.externaltools.gnu-tools-for-stm32.10.3-2021.10.win32_1.0.100.202210260954/tools/bin/../lib/gcc/arm-none-eabi/10.3.1/thumb/v7e-m+fp/hard\libgcc.a(_udivmoddi4.o)
