Archive member included to satisfy reference by file (symbol)

c:/st/stm32cubeide_1.11.0/stm32cubeide/plugins/com.st.stm32cube.ide.mcu.externaltools.gnu-tools-for-stm32.10.3-2021.10.win32_1.0.100.202210260954/tools/bin/../lib/gcc/arm-none-eabi/10.3.1/../../../../arm-none-eabi/lib/thumb/v7e-m+fp/hard\libc_nano.a(lib_a-errno.o)
                              ./Core/Src/syscalls.o (__errno)
c:/st/stm32cubeide_1.11.0/stm32cubeide/plugins/com.st.stm32cube.ide.mcu.externaltools.gnu-tools-for-stm32.10.3-2021.10.win32_1.0.100.202210260954/tools/bin/../lib/gcc/arm-none-eabi/10.3.1/../../../../arm-none-eabi/lib/thumb/v7e-m+fp/hard\libc_nano.a(lib_a-exit.o)
                              c:/st/stm32cubeide_1.11.0/stm32cubeide/plugins/com.st.stm32cube.ide.mcu.externaltools.gnu-tools-for-stm32.10.3-2021.10.win32_1.0.100.202210260954/tools/bin/../lib/gcc/arm-none-eabi/10.3.1/../../../../arm-none-eabi/lib/thumb/v7e-m+fp/hard/crt0.o (exit)
c:/st/stm32cubeide_1.11.0/stm32cubeide/plugins/com.st.stm32cube.ide.mcu.externaltools.gnu-tools-for-stm32.10.3-2021.10.win32_1.0.100.202210260954/tools/bin/../lib/gcc/arm-none-eabi/10.3.1/../../../../arm-none-eabi/lib/thumb/v7e-m+fp/hard\libc_nano.a(lib_a-impure.o)
                              c:/st/stm32cubeide_1.11.0/stm32cubeide/plugins/com.st.stm32cube.ide.mcu.externaltools.gnu-tools-for-stm32.10.3-2021.10.win32_1.0.100.202210260954/tools/bin/../lib/gcc/arm-none-eabi/10.3.1/../../../../arm-none-eabi/lib/thumb/v7e-m+fp/hard\libc_nano.a(lib_a-exit.o) (_global_impure_ptr)
c:/st/stm32cubeide_1.11.0/stm32cubeide/plugins/com.st.stm32cube.ide.mcu.externaltools.gnu-tools-for-stm32.10.3-2021.10.win32_1.0.100.202210260954/tools/bin/../lib/gcc/arm-none-eabi/10.3.1/../../../../arm-none-eabi/lib/thumb/v7e-m+fp/hard\libc_nano.a(lib_a-init.o)
                              c:/st/stm32cubeide_1.11.0/stm32cubeide/plugins/com.st.stm32cube.ide.mcu.externaltools.gnu-tools-for-stm32.10.3-2021.10.win32_1.0.100.202210260954/tools/bin/../lib/gcc/arm-none-eabi/10.3.1/../../../../arm-none-eabi/lib/thumb/v7e-m+fp/hard/crt0.o (__libc_init_array)
c:/st/stm32cubeide_1.11.0/stm32cubeide/plugins/com.st.stm32cube.ide.mcu.externaltools.gnu-tools-for-stm32.10.3-2021.10.win32_1.0.100.202210260954/tools/bin/../lib/gcc/arm-none-eabi/10.3.1/../../../../arm-none-eabi/lib/thumb/v7e-m+fp/hard\libc_nano.a(lib_a-memcpy-stub.o)
                              ./FreeRTOS/Source/queue.o (memcpy)
c:/st/stm32cubeide_1.11.0/stm32cubeide/plugins/com.st.stm32cube.ide.mcu.externaltools.gnu-tools-for-stm32.10.3-2021.10.win32_1.0.100.202210260954/tools/bin/../lib/gcc/arm-none-eabi/10.3.1/../../../../arm-none-eabi/lib/thumb/v7e-m+fp/hard\libc_nano.a(lib_a-memset.o)
                              c:/st/stm32cubeide_1.11.0/stm32cubeide/plugins/com.st.stm32cube.ide.mcu.externaltools.gnu-tools-for-stm32.10.3-2021.10.win32_1.0.100.202210260954/tools/bin/../lib/gcc/arm-none-eabi/10.3.1/../../../../arm-none-eabi/lib/thumb/v7e-m+fp/hard/crt0.o (memset)
c:/st/stm32cubeide_1.11.0/stm32cubeide/plugins/com.st.stm32cube.ide.mcu.externaltools.gnu-tools-for-stm32.10.3-2021.10.win32_1.0.100.202210260954/tools/bin/../lib/gcc/arm-none-eabi/10.3.1/thumb/v7e-m+fp/hard\libgcc.a(_aeabi_uldivmod.o)
                              ./Drivers/STM32F4xx_HAL_Driver/Src/stm32f4xx_hal_rcc.o (__aeabi_uldivmod)
c:/st/stm32cubeide_1.11.0/stm32cubeide/plugins/com.st.stm32cube.ide.mcu.externaltools.gnu-tools-for-stm32.10.3-2021.10.win32_1.0.100.202210260954/tools/bin/../lib/gcc/arm-none-eabi/10.3.1/thumb/v7e-m+fp/hard\libgcc.a(_udivmoddi4.o)
                              c:/st/stm32cubeide_1.11.0/stm32cubeide/plugins/com.st.stm32cube.ide.mcu.externaltools.gnu-tools-for-stm32.10.3-2021.10.win32_1.0.100.202210260954/tools/bin/../lib/gcc/arm-none-eabi/10.3.1/thumb/v7e-m+fp/hard\libgcc.a(_aeabi_uldivmod.o) (__udivmoddi4)
c:/st/stm32cubeide_1.11.0/stm32cubeide/plugins/com.st.stm32cube.ide.mcu.externaltools.gnu-tools-for-stm32.10.3-2021.10.win32_1.0.100.202210260954/tools/bin/../lib/gcc/arm-none-eabi/10.3.1/thumb/v7e-m+fp/hard\libgcc.a(_dvmd_tls.o)
                              c:/st/stm32cubeide_1.11.0/stm32cubeide/plugins/com.st.stm32cube.ide.mcu.externaltools.gnu-tools-for-stm32.10.3-2021.10.win32_1.0.100.202210260954/tools/bin/../lib/gcc/arm-none-eabi/10.3.1/thumb/v7e-m+fp/hard\libgcc.a(_aeabi_uldivmod.o) (__aeabi_ldiv0)

Discarded input sections

 .text          0x0000000000000000        0x0 c:/st/stm32cubeide_1.11.0/stm32cubeide/plugins/com.st.stm32cube.ide.mcu.externaltools.gnu-tools-for-stm32.10.3-2021.10.win32_1.0.100.202210260954/tools/bin/../lib/gcc/arm-none-eabi/10.3.1/thumb/v7e-m+fp/hard/crti.o
 .data          0x0000000000000000        0x0 c:/st/stm32cubeide_1.11.0/stm32cubeide/plugins/com.st.stm32cube.ide.mcu.externaltools.gnu-tools-for-stm32.10.3-2021.10.win32_1.0.100.202210260954/tools/bin/../lib/gcc/arm-none-eabi/10.3.1/thumb/v7e-m+fp/hard/crti.o
[...]
Memory Configuration

Name             Origin             Length             Attributes
RAM              0x0000000020000000 0x0000000000018000 xrw
FLASH            0x0000000008000000 0x0000000000080000 xr
*default*        0x0000000000000000 0xffffffffffffffff

Linker script and memory map

LOAD c:/st/stm32cubeide_1.11.0/stm32cubeide/plugins/com.st.stm32cube.ide.mcu.externaltools.gnu-tools-for-stm32.10.3-2021.10.win32_1.0.100.202210260954/tools/bin/../lib/gcc/arm-none-eabi/10.3.1/thumb/v7e-m+fp/hard/crti.o
LOAD c:/st/stm32cubeide_1.11.0/stm32cubeide/plugins/com.st.stm32cube.ide.mcu.externaltools.gnu-tools-for-stm32.10.3-2021.10.win32_1.0.100.202210260954/tools/bin/../lib/gcc/arm-none-eabi/10.3.1/thumb/v7e-m+fp/hard/crtbegin.o
LOAD c:/st/stm32cubeide_1.11.0/stm32cubeide/plugins/com.st.stm32cube.ide.mcu.externaltools.gnu-tools-for-stm32.10.3-2021.10.win32_1.0.100.202210260954/tools/bin/../lib/gcc/arm-none-eabi/10.3.1/../../../../arm-none-eabi/lib/thumb/v7e-m+fp/hard/crt0.o
LOAD ./Core/Src/main.o
LOAD ./Core/Src/stm32f4xx_hal_msp.o
LOAD ./Core/Src/stm32f4xx_it.o
LOAD ./Core/Src/syscalls.o
LOAD ./Core/Src/sysmem.o
LOAD ./Core/Src/system_stm32f4xx.o
LOAD ./Core/Startup/startup_stm32f401retx.o
LOAD ./Drivers/STM32F4xx_HAL_Driver/Src/stm32f4xx_hal.o
LOAD ./Drivers/STM32F4xx_HAL_Driver/Src/stm32f4xx_hal_cortex.o
LOAD ./Drivers/STM32F4xx_HAL_Driver/Src/stm32f4xx_hal_dma.o
LOAD ./Drivers/STM32F4xx_HAL_Driver/Src/stm32f4xx_hal_dma_ex.o
LOAD ./Drivers/STM32F4xx_HAL_Driver/Src/stm32f4xx_hal_exti.o
LOAD ./Drivers/STM32F4xx_HAL_Driver/Src/stm32f4xx_hal_flash.o
LOAD ./Drivers/STM32F4xx_HAL_Driver/Src/stm32f4xx_hal_flash_ex.o
LOAD ./Drivers/STM32F4xx_HAL_Driver/Src/stm32f4xx_hal_flash_ramfunc.o
LOAD ./Drivers/STM32F4xx_HAL_Driver/Src/stm32f4xx_hal_gpio.o
LOAD ./Drivers/STM32F4xx_HAL_Driver/Src/stm32f4xx_hal_pwr.o
LOAD ./Drivers/STM32F4xx_HAL_Driver/Src/stm32f4xx_hal_pwr_ex.o
LOAD ./Drivers/STM32F4xx_HAL_Driver/Src/stm32f4xx_hal_rcc.o
LOAD ./Drivers/STM32F4xx_HAL_Driver/Src/stm32f4xx_hal_rcc_ex.o
LOAD ./Drivers/STM32F4xx_HAL_Driver/Src/stm32f4xx_hal_tim.o
LOAD ./Drivers/STM32F4xx_HAL_Driver/Src/stm32f4xx_hal_tim_ex.o
LOAD ./FreeRTOS/Source/croutine.o
LOAD ./FreeRTOS/Source/event_groups.o
LOAD ./FreeRTOS/Source/list.o
LOAD ./FreeRTOS/Source/queue.o
LOAD ./FreeRTOS/Source/stream_buffer.o
LOAD ./FreeRTOS/Source/tasks.o
LOAD ./FreeRTOS/Source/timers.o
LOAD ./FreeRTOS/Source/portable/GCC/ARM_CM4F/port.o
LOAD ./FreeRTOS/Source/portable/MemMang/heap_4.o
START GROUP
LOAD c:/st/stm32cubeide_1.11.0/stm32cubeide/plugins/com.st.stm32cube.ide.mcu.externaltools.gnu-tools-for-stm32.10.3-2021.10.win32_1.0.100.202210260954/tools/bin/../lib/gcc/arm-none-eabi/10.3.1/../../../../arm-none-eabi/lib/thumb/v7e-m+fp/hard\libc_nano.a
LOAD c:/st/stm32cubeide_1.11.0/stm32cubeide/plugins/com.st.stm32cube.ide.mcu.externaltools.gnu-tools-for-stm32.10.3-2021.10.win32_1.0.100.202210260954/tools/bin/../lib/gcc/arm-none-eabi/10.3.1/../../../../arm-none-eabi/lib/thumb/v7e-m+fp/hard\libm.a
END GROUP
START GROUP
LOAD c:/st/stm32cubeide_1.11.0/stm32cubeide/plugins/com.st.stm32cube.ide.mcu.externaltools.gnu-tools-for-stm32.10.3-2021.10.win32_1.0.100.202210260954/tools/bin/../lib/gcc/arm-none-eabi/10.3.1/thumb/v7e-m+fp/hard\libgcc.a
LOAD c:/st/stm32cubeide_1.11.0/stm32cubeide/plugins/com.st.stm32cube.ide.mcu.externaltools.gnu-tools-for-stm32.10.3-2021.10.win32_1.0.100.202210260954/tools/bin/../lib/gcc/arm-none-eabi/10.3.1/../../../../arm-none-eabi/lib/thumb/v7e-m+fp/hard\libc_nano.a
END GROUP
START GROUP
LOAD c:/st/stm32cubeide_1.11.0/stm32cubeide/plugins/com.st.stm32cube.ide.mcu.externaltools.gnu-tools-for-stm32.10.3-2021.10.win32_1.0.100.202210260954/tools/bin/../lib/gcc/arm-none-eabi/10.3.1/thumb/v7e-m+fp/hard\libgcc.a
LOAD c:/st/stm32cubeide_1.11.0/stm32cubeide/plugins/com.st.stm32cube.ide.mcu.externaltools.gnu-tools-for-stm32.10.3-2021.10.win32_1.0.100.202210260954/tools/bin/../lib/gcc/arm-none-eabi/10.3.1/../../../../arm-none-eabi/lib/thumb/v7e-m+fp/hard\libc_nano.a
LOAD c:/st/stm32cubeide_1.11.0/stm32cubeide/plugins/com.st.stm32cube.ide.mcu.externaltools.gnu-tools-for-stm32.10.3-2021.10.win32_1.0.100.202210260954/tools/bin/../lib/gcc/arm-none-eabi/10.3.1/../../../../arm-none-eabi/lib/thumb/v7e-m+fp/hard\libnosys.a
END GROUP
START GROUP
LOAD c:/st/stm32cubeide_1.11.0/stm32cubeide/plugins/com.st.stm32cube.ide.mcu.externaltools.gnu-tools-for-stm32.10.3-2021.10.win32_1.0.100.202210260954/tools/bin/../lib/gcc/arm-none-eabi/10.3.1/thumb/v7e-m+fp/hard\libgcc.a
LOAD c:/st/stm32cubeide_1.11.0/stm32cubeide/plugins/com.st.stm32cube.ide.mcu.externaltools.gnu-tools-for-stm32.10.3-2021.10.win32_1.0.100.202210260954/tools/bin/../lib/gcc/arm-none-eabi/10.3.1/../../../../arm-none-eabi/lib/thumb/v7e-m+fp/hard\libc_nano.a
LOAD c:/st/stm32cubeide_1.11.0/stm32cubeide/plugins/com.st.stm32cube.ide.mcu.externaltools.gnu-tools-for-stm32.10.3-2021.10.win32_1.0.100.202210260954/tools/bin/../lib/gcc/arm-none-eabi/10.3.1/../../../../arm-none-eabi/lib/thumb/v7e-m+fp/hard\libnosys.a
END GROUP
LOAD c:/st/stm32cubeide_1.11.0/stm32cubeide/plugins/com.st.stm32cube.ide.mcu.externaltools.gnu-tools-for-stm32.10.3-2021.10.win32_1.0.100.202210260954/tools/bin/../lib/gcc/arm-none-eabi/10.3.1/thumb/v7e-m+fp/hard/crtend.o
LOAD c:/st/stm32cubeide_1.11.0/stm32cubeide/plugins/com.st.stm32cube.ide.mcu.externaltools.gnu-tools-for-stm32.10.3-2021.10.win32_1.0.100.202210260954/tools/bin/../lib/gcc/arm-none-eabi/10.3.1/thumb/v7e-m+fp/hard/crtn.o
                0x0000000020018000                _estack = (ORIGIN (RAM) + LENGTH (RAM))
                0x0000000000000200                _Min_Heap_Size = 0x200
                0x0000000000000400                _Min_Stack_Size = 0x400

.isr_vector     0x0000000008000000      0x194
                0x0000000008000000                . = ALIGN (0x4)
 *(.isr_vector)
 .isr_vector    0x0000000008000000      0x194 ./Core/Startup/startup_stm32f401retx.o
                0x0000000008000000                g_pfnVectors
                0x0000000008000194                . = ALIGN (0x4)

.text           0x00000000080001a0     0x440c
                0x00000000080001a0                . = ALIGN (0x4)
 *(.text)
 .text          0x00000000080001a0       0x40 c:/st/stm32cubeide_1.11.0/stm32cubeide/plugins/com.st.stm32cube.ide.mcu.externaltools.gnu-tools-for-stm32.10.3-2021.10.win32_1.0.100.202210260954/tools/bin/../lib/gcc/arm-none-eabi/10.3.1/thumb/v7e-m+fp/hard/crtbegin.o
 .text          0x00000000080001e0       0x30 c:/st/stm32cubeide_1.11.0/stm32cubeide/plugins/com.st.stm32cube.ide.mcu.externaltools.gnu-tools-for-stm32.10.3-2021.10.win32_1.0.100.202210260954/tools/bin/../lib/gcc/arm-none-eabi/10.3.1/thumb/v7e-m+fp/hard\libgcc.a(_aeabi_uldivmod.o)
                0x00000000080001e0                __aeabi_uldivmod
 .text          0x0000000008000210      0x2d0 c:/st/stm32cubeide_1.11.0/stm32cubeide/plugins/com.st.stm32cube.ide.mcu.externaltools.gnu-tools-for-stm32.10.3-2021.10.win32_1.0.100.202210260954/tools/bin/../lib/gcc/arm-none-eabi/10.3.1/thumb/v7e-m+fp/hard\libgcc.a(_udivmoddi4.o)
                0x0000000008000210                __udivmoddi4
 .text          0x00000000080004e0        0x4 c:/st/stm32cubeide_1.11.0/stm32cubeide/plugins/com.st.stm32cube.ide.mcu.externaltools.gnu-tools-for-stm32.10.3-2021.10.win32_1.0.100.202210260954/tools/bin/../lib/gcc/arm-none-eabi/10.3.1/thumb/v7e-m+fp/hard\libgcc.a(_dvmd_tls.o)
                0x00000000080004e0                __aeabi_idiv0
                0x00000000080004e0                __aeabi_ldiv0
 *(.text*)
 .text.main     0x00000000080004e4       0xa4 ./Core/Src/main.o
                0x00000000080004e4                main
 .text.SystemClock_Config
                0x0000000008000588       0xbc ./Core/Src/main.o
                0x0000000008000588                SystemClock_Config
 .text.MX_GPIO_Init
                0x0000000008000644       0x84 ./Core/Src/main.o
 .text.Error_Handler
                0x00000000080006c8        0xa ./Core/Src/main.o
                0x00000000080006c8                Error_Handler
 *fill*         0x00000000080006d2        0x2 
 .text.Led2     0x00000000080006d4       0x80 ./Core/Src/main.o
                0x00000000080006d4                Led2
 .text.PushButton2
                0x0000000008000754       0x70 ./Core/Src/main.o
                0x0000000008000754                PushButton2
 .text.Led      0x00000000080007c4       0x34 ./Core/Src/main.o
                0x00000000080007c4                Led
 .text.HAL_MspInit
                0x00000000080007f8       0x50 ./Core/Src/stm32f4xx_hal_msp.o
                0x00000000080007f8                HAL_MspInit
 .text.NMI_Handler
                0x0000000008000848        0x6 ./Core/Src/stm32f4xx_it.o
                0x0000000008000848                NMI_Handler
 .text.HardFault_Handler
                0x000000000800084e        0x6 ./Core/Src/stm32f4xx_it.o
                0x000000000800084e                HardFault_Handler
 .text.MemManage_Handler
                0x0000000008000854        0x6 ./Core/Src/stm32f4xx_it.o
                0x0000000008000854                MemManage_Handler
 .text.BusFault_Handler
                0x000000000800085a        0x6 ./Core/Src/stm32f4xx_it.o
                0x000000000800085a                BusFault_Handler
 .text.UsageFault_Handler
                0x0000000008000860        0x6 ./Core/Src/stm32f4xx_it.o
                0x0000000008000860                UsageFault_Handler
 .text.DebugMon_Handler
                0x0000000008000866        0xe ./Core/Src/stm32f4xx_it.o
                0x0000000008000866                DebugMon_Handler
 .text.SystemInit
                0x0000000008000874       0x24 ./Core/Src/system_stm32f4xx.o
                0x0000000008000874                SystemInit
 .text.Reset_Handler
                0x0000000008000898       0x50 ./Core/Startup/startup_stm32f401retx.o
                0x0000000008000898                Reset_Handler
 .text.Default_Handler
                0x00000000080008e8        0x2 ./Core/Startup/startup_stm32f401retx.o
                0x00000000080008e8                RTC_Alarm_IRQHandler
                0x00000000080008e8                EXTI2_IRQHandler
                0x00000000080008e8                SPI4_IRQHandler
                0x00000000080008e8                TIM1_CC_IRQHandler
                0x00000000080008e8                DMA2_Stream5_IRQHandler
                0x00000000080008e8                DMA1_Stream5_IRQHandler
                0x00000000080008e8                PVD_IRQHandler
                0x00000000080008e8                SDIO_IRQHandler
                0x00000000080008e8                TAMP_STAMP_IRQHandler
                0x00000000080008e8                EXTI3_IRQHandler
                0x00000000080008e8                TIM1_UP_TIM10_IRQHandler
                0x00000000080008e8                I2C3_ER_IRQHandler
                0x00000000080008e8                EXTI0_IRQHandler
                0x00000000080008e8                I2C2_EV_IRQHandler
                0x00000000080008e8                DMA1_Stream2_IRQHandler
                0x00000000080008e8                FPU_IRQHandler
                0x00000000080008e8                DMA2_Stream2_IRQHandler
                0x00000000080008e8                SPI1_IRQHandler
                0x00000000080008e8                TIM1_BRK_TIM9_IRQHandler
                0x00000000080008e8                DMA2_Stream3_IRQHandler
                0x00000000080008e8                USART6_IRQHandler
                0x00000000080008e8                DMA2_Stream0_IRQHandler
                0x00000000080008e8                TIM4_IRQHandler
                0x00000000080008e8                I2C1_EV_IRQHandler
                0x00000000080008e8                DMA1_Stream6_IRQHandler
                0x00000000080008e8                DMA1_Stream1_IRQHandler
                0x00000000080008e8                TIM3_IRQHandler
                0x00000000080008e8                RCC_IRQHandler
                0x00000000080008e8                Default_Handler
                0x00000000080008e8                EXTI15_10_IRQHandler
                0x00000000080008e8                ADC_IRQHandler
                0x00000000080008e8                DMA1_Stream7_IRQHandler
                0x00000000080008e8                TIM5_IRQHandler
                0x00000000080008e8                DMA2_Stream7_IRQHandler
                0x00000000080008e8                I2C3_EV_IRQHandler
                0x00000000080008e8                EXTI9_5_IRQHandler
                0x00000000080008e8                RTC_WKUP_IRQHandler
                0x00000000080008e8                SPI2_IRQHandler
                0x00000000080008e8                DMA1_Stream0_IRQHandler
                0x00000000080008e8                EXTI4_IRQHandler
                0x00000000080008e8                WWDG_IRQHandler
                0x00000000080008e8                TIM2_IRQHandler
                0x00000000080008e8                OTG_FS_WKUP_IRQHandler
                0x00000000080008e8                TIM1_TRG_COM_TIM11_IRQHandler
                0x00000000080008e8                EXTI1_IRQHandler
                0x00000000080008e8                USART2_IRQHandler
                0x00000000080008e8                I2C2_ER_IRQHandler
                0x00000000080008e8                DMA2_Stream1_IRQHandler
                0x00000000080008e8                FLASH_IRQHandler
                0x00000000080008e8                DMA2_Stream4_IRQHandler
                0x00000000080008e8                USART1_IRQHandler
                0x00000000080008e8                OTG_FS_IRQHandler
                0x00000000080008e8                SPI3_IRQHandler
                0x00000000080008e8                DMA1_Stream4_IRQHandler
                0x00000000080008e8                I2C1_ER_IRQHandler
                0x00000000080008e8                DMA2_Stream6_IRQHandler
                0x00000000080008e8                DMA1_Stream3_IRQHandler
 *fill*         0x00000000080008ea        0x2 
 .text.HAL_Init
                0x00000000080008ec       0x44 ./Drivers/STM32F4xx_HAL_Driver/Src/stm32f4xx_hal.o
                0x00000000080008ec                HAL_Init
 .text.HAL_InitTick
                0x0000000008000930       0x60 ./Drivers/STM32F4xx_HAL_Driver/Src/stm32f4xx_hal.o
                0x0000000008000930                HAL_InitTick
 .text.HAL_GetTick
                0x0000000008000990       0x18 ./Drivers/STM32F4xx_HAL_Driver/Src/stm32f4xx_hal.o
                0x0000000008000990                HAL_GetTick
 .text.__NVIC_SetPriorityGrouping
                0x00000000080009a8       0x48 ./Drivers/STM32F4xx_HAL_Driver/Src/stm32f4xx_hal_cortex.o
 .text.__NVIC_GetPriorityGrouping
                0x00000000080009f0       0x1c ./Drivers/STM32F4xx_HAL_Driver/Src/stm32f4xx_hal_cortex.o
 .text.__NVIC_SetPriority
                0x0000000008000a0c       0x54 ./Drivers/STM32F4xx_HAL_Driver/Src/stm32f4xx_hal_cortex.o
 .text.NVIC_EncodePriority
                0x0000000008000a60       0x66 ./Drivers/STM32F4xx_HAL_Driver/Src/stm32f4xx_hal_cortex.o
 *fill*         0x0000000008000ac6        0x2 
 .text.SysTick_Config
                0x0000000008000ac8       0x44 ./Drivers/STM32F4xx_HAL_Driver/Src/stm32f4xx_hal_cortex.o
 .text.HAL_NVIC_SetPriorityGrouping
                0x0000000008000b0c       0x16 ./Drivers/STM32F4xx_HAL_Driver/Src/stm32f4xx_hal_cortex.o
                0x0000000008000b0c                HAL_NVIC_SetPriorityGrouping
 .text.HAL_NVIC_SetPriority
                0x0000000008000b22       0x38 ./Drivers/STM32F4xx_HAL_Driver/Src/stm32f4xx_hal_cortex.o
                0x0000000008000b22                HAL_NVIC_SetPriority
 .text.HAL_SYSTICK_Config
                0x0000000008000b5a       0x18 ./Drivers/STM32F4xx_HAL_Driver/Src/stm32f4xx_hal_cortex.o
                0x0000000008000b5a                HAL_SYSTICK_Config
 *fill*         0x0000000008000b72        0x2 
 .text.HAL_GPIO_Init
                0x0000000008000b74      0x308 ./Drivers/STM32F4xx_HAL_Driver/Src/stm32f4xx_hal_gpio.o
                0x0000000008000b74                HAL_GPIO_Init
 .text.HAL_GPIO_WritePin
                0x0000000008000e7c       0x32 ./Drivers/STM32F4xx_HAL_Driver/Src/stm32f4xx_hal_gpio.o
                0x0000000008000e7c                HAL_GPIO_WritePin
 .text.HAL_GPIO_TogglePin
                0x0000000008000eae       0x34 ./Drivers/STM32F4xx_HAL_Driver/Src/stm32f4xx_hal_gpio.o
                0x0000000008000eae                HAL_GPIO_TogglePin
 *fill*         0x0000000008000ee2        0x2 
 .text.HAL_RCC_OscConfig
                0x0000000008000ee4      0x4f0 ./Drivers/STM32F4xx_HAL_Driver/Src/stm32f4xx_hal_rcc.o
                0x0000000008000ee4                HAL_RCC_OscConfig
 .text.HAL_RCC_ClockConfig
                0x00000000080013d4      0x1cc ./Drivers/STM32F4xx_HAL_Driver/Src/stm32f4xx_hal_rcc.o
                0x00000000080013d4                HAL_RCC_ClockConfig
 .text.HAL_RCC_GetSysClockFreq
                0x00000000080015a0      0x18c ./Drivers/STM32F4xx_HAL_Driver/Src/stm32f4xx_hal_rcc.o
                0x00000000080015a0                HAL_RCC_GetSysClockFreq
 .text.vListInitialise
                0x000000000800172c       0x40 ./FreeRTOS/Source/list.o
                0x000000000800172c                vListInitialise
 .text.vListInitialiseItem
                0x000000000800176c       0x1a ./FreeRTOS/Source/list.o
                0x000000000800176c                vListInitialiseItem
 .text.vListInsert
                0x0000000008001786       0x72 ./FreeRTOS/Source/list.o
                0x0000000008001786                vListInsert
 .text.uxListRemove
                0x00000000080017f8       0x54 ./FreeRTOS/Source/list.o
                0x00000000080017f8                uxListRemove
 .text.xQueueGenericReset
                0x000000000800184c      0x120 ./FreeRTOS/Source/queue.o
                0x000000000800184c                xQueueGenericReset
 .text.xQueueGenericCreate
                0x000000000800196c       0x9c ./FreeRTOS/Source/queue.o
                0x000000000800196c                xQueueGenericCreate
 .text.prvInitialiseNewQueue
                0x0000000008001a08       0x3e ./FreeRTOS/Source/queue.o
 *fill*         0x0000000008001a46        0x2 
 .text.xQueueGenericSend
                0x0000000008001a48      0x1fc ./FreeRTOS/Source/queue.o
                0x0000000008001a48                xQueueGenericSend
 .text.xQueueReceive
                0x0000000008001c44      0x1c0 ./FreeRTOS/Source/queue.o
                0x0000000008001c44                xQueueReceive
 .text.xQueueSemaphoreTake
                0x0000000008001e04      0x1fc ./FreeRTOS/Source/queue.o
                0x0000000008001e04                xQueueSemaphoreTake
 .text.prvGetDisinheritPriorityAfterTimeout
                0x0000000008002000       0x30 ./FreeRTOS/Source/queue.o
 .text.prvCopyDataToQueue
                0x0000000008002030       0xd4 ./FreeRTOS/Source/queue.o
 .text.prvCopyDataFromQueue
                0x0000000008002104       0x4c ./FreeRTOS/Source/queue.o
 .text.prvUnlockQueue
                0x0000000008002150       0xa4 ./FreeRTOS/Source/queue.o
 .text.prvIsQueueEmpty
                0x00000000080021f4       0x2c ./FreeRTOS/Source/queue.o
 .text.prvIsQueueFull
                0x0000000008002220       0x30 ./FreeRTOS/Source/queue.o
 .text.vQueueWaitForMessageRestricted
                0x0000000008002250       0x68 ./FreeRTOS/Source/queue.o
                0x0000000008002250                vQueueWaitForMessageRestricted
 .text.xTaskCreate
                0x00000000080022b8       0x8c ./FreeRTOS/Source/tasks.o
                0x00000000080022b8                xTaskCreate
 .text.prvInitialiseNewTask
                0x0000000008002344      0x10c ./FreeRTOS/Source/tasks.o
 .text.prvAddNewTaskToReadyList
                0x0000000008002450      0x124 ./FreeRTOS/Source/tasks.o
 .text.xTaskDelayUntil
                0x0000000008002574       0xfc ./FreeRTOS/Source/tasks.o
                0x0000000008002574                xTaskDelayUntil
 .text.vTaskDelay
                0x0000000008002670       0x68 ./FreeRTOS/Source/tasks.o
                0x0000000008002670                vTaskDelay
 .text.vTaskPrioritySet
                0x00000000080026d8      0x1a4 ./FreeRTOS/Source/tasks.o
                0x00000000080026d8                vTaskPrioritySet
 .text.vTaskStartScheduler
                0x000000000800287c       0xa4 ./FreeRTOS/Source/tasks.o
                0x000000000800287c                vTaskStartScheduler
 .text.vTaskSuspendAll
                0x0000000008002920       0x1c ./FreeRTOS/Source/tasks.o
                0x0000000008002920                vTaskSuspendAll
 .text.xTaskResumeAll
                0x000000000800293c      0x1f8 ./FreeRTOS/Source/tasks.o
                0x000000000800293c                xTaskResumeAll
 .text.xTaskGetTickCount
                0x0000000008002b34       0x20 ./FreeRTOS/Source/tasks.o
                0x0000000008002b34                xTaskGetTickCount
 .text.xTaskIncrementTick
                0x0000000008002b54      0x22c ./FreeRTOS/Source/tasks.o
                0x0000000008002b54                xTaskIncrementTick
 .text.vTaskSwitchContext
                0x0000000008002d80       0xb8 ./FreeRTOS/Source/tasks.o
                0x0000000008002d80                vTaskSwitchContext
 .text.vTaskPlaceOnEventList
                0x0000000008002e38       0x48 ./FreeRTOS/Source/tasks.o
                0x0000000008002e38                vTaskPlaceOnEventList
 .text.vTaskPlaceOnEventListRestricted
                0x0000000008002e80       0x8c ./FreeRTOS/Source/tasks.o
                0x0000000008002e80                vTaskPlaceOnEventListRestricted
 .text.xTaskRemoveFromEventList
                0x0000000008002f0c      0x1ac ./FreeRTOS/Source/tasks.o
                0x0000000008002f0c                xTaskRemoveFromEventList
 .text.vTaskInternalSetTimeOutState
                0x00000000080030b8       0x2c ./FreeRTOS/Source/tasks.o
                0x00000000080030b8                vTaskInternalSetTimeOutState
 .text.xTaskCheckForTimeOut
                0x00000000080030e4       0xcc ./FreeRTOS/Source/tasks.o
                0x00000000080030e4                xTaskCheckForTimeOut
 .text.vTaskMissedYield
                0x00000000080031b0       0x18 ./FreeRTOS/Source/tasks.o
                0x00000000080031b0                vTaskMissedYield
 .text.prvIdleTask
                0x00000000080031c8       0x30 ./FreeRTOS/Source/tasks.o
 .text.prvInitialiseTaskLists
                0x00000000080031f8       0x80 ./FreeRTOS/Source/tasks.o
 .text.prvCheckTasksWaitingTermination
                0x0000000008003278       0x5c ./FreeRTOS/Source/tasks.o
 .text.prvDeleteTCB
                0x00000000080032d4       0x20 ./FreeRTOS/Source/tasks.o
 .text.prvResetNextTaskUnblockTime
                0x00000000080032f4       0x38 ./FreeRTOS/Source/tasks.o
 .text.xTaskGetSchedulerState
                0x000000000800332c       0x3c ./FreeRTOS/Source/tasks.o
                0x000000000800332c                xTaskGetSchedulerState
 .text.xTaskPriorityInherit
                0x0000000008003368      0x13c ./FreeRTOS/Source/tasks.o
                0x0000000008003368                xTaskPriorityInherit
 .text.xTaskPriorityDisinherit
                0x00000000080034a4      0x148 ./FreeRTOS/Source/tasks.o
                0x00000000080034a4                xTaskPriorityDisinherit
 .text.vTaskPriorityDisinheritAfterTimeout
                0x00000000080035ec      0x170 ./FreeRTOS/Source/tasks.o
                0x00000000080035ec                vTaskPriorityDisinheritAfterTimeout
 .text.pvTaskIncrementMutexHeldCount
                0x000000000800375c       0x28 ./FreeRTOS/Source/tasks.o
                0x000000000800375c                pvTaskIncrementMutexHeldCount
 .text.prvAddCurrentTaskToDelayedList
                0x0000000008003784      0x100 ./FreeRTOS/Source/tasks.o
 .text.xTimerCreateTimerTask
                0x0000000008003884       0x64 ./FreeRTOS/Source/timers.o
                0x0000000008003884                xTimerCreateTimerTask
 .text.prvReloadTimer
                0x00000000080038e8       0x42 ./FreeRTOS/Source/timers.o
 *fill*         0x000000000800392a        0x2 
 .text.prvProcessExpiredTimer
                0x000000000800392c       0x60 ./FreeRTOS/Source/timers.o
 .text.prvTimerTask
                0x000000000800398c       0x24 ./FreeRTOS/Source/timers.o
 .text.prvProcessTimerOrBlockTask
                0x00000000080039b0       0x9c ./FreeRTOS/Source/timers.o
 .text.prvGetNextExpireTime
                0x0000000008003a4c       0x48 ./FreeRTOS/Source/timers.o
 .text.prvSampleTimeNow
                0x0000000008003a94       0x40 ./FreeRTOS/Source/timers.o
 .text.prvInsertTimerInActiveList
                0x0000000008003ad4       0x84 ./FreeRTOS/Source/timers.o
 .text.prvProcessReceivedCommands
                0x0000000008003b58      0x17c ./FreeRTOS/Source/timers.o
 .text.prvSwitchTimerLists
                0x0000000008003cd4       0x4c ./FreeRTOS/Source/timers.o
 .text.prvCheckForValidListAndQueue
                0x0000000008003d20       0x54 ./FreeRTOS/Source/timers.o
 .text.pxPortInitialiseStack
                0x0000000008003d74       0x68 ./FreeRTOS/Source/portable/GCC/ARM_CM4F/port.o
                0x0000000008003d74                pxPortInitialiseStack
 .text.prvTaskExitError
                0x0000000008003ddc       0x58 ./FreeRTOS/Source/portable/GCC/ARM_CM4F/port.o
 *fill*         0x0000000008003e34        0xc 
 .text.SVC_Handler
                0x0000000008003e40       0x28 ./FreeRTOS/Source/portable/GCC/ARM_CM4F/port.o
                0x0000000008003e40                SVC_Handler
 .text.prvPortStartFirstTask
                0x0000000008003e68       0x2c ./FreeRTOS/Source/portable/GCC/ARM_CM4F/port.o
 .text.xPortStartScheduler
                0x0000000008003e94      0x144 ./FreeRTOS/Source/portable/GCC/ARM_CM4F/port.o
                0x0000000008003e94                xPortStartScheduler
 .text.vPortEnterCritical
                0x0000000008003fd8       0x60 ./FreeRTOS/Source/portable/GCC/ARM_CM4F/port.o
                0x0000000008003fd8                vPortEnterCritical
 .text.vPortExitCritical
                0x0000000008004038       0x54 ./FreeRTOS/Source/portable/GCC/ARM_CM4F/port.o
                0x0000000008004038                vPortExitCritical
 *fill*         0x000000000800408c        0x4 
 .text.PendSV_Handler
                0x0000000008004090       0x68 ./FreeRTOS/Source/portable/GCC/ARM_CM4F/port.o
                0x0000000008004090                PendSV_Handler
 .text.SysTick_Handler
                0x00000000080040f8       0x44 ./FreeRTOS/Source/portable/GCC/ARM_CM4F/port.o
                0x00000000080040f8                SysTick_Handler
 .text.vPortSetupTimerInterrupt
                0x000000000800413c       0x34 ./FreeRTOS/Source/portable/GCC/ARM_CM4F/port.o
                0x000000000800413c                vPortSetupTimerInterrupt
 .text.vPortEnableVFP
                0x0000000008004170       0x18 ./FreeRTOS/Source/portable/GCC/ARM_CM4F/port.o
 .text.pvPortMalloc
                0x0000000008004188      0x174 ./FreeRTOS/Source/portable/MemMang/heap_4.o
                0x0000000008004188                pvPortMalloc
 .text.vPortFree
                0x00000000080042fc       0xb8 ./FreeRTOS/Source/portable/MemMang/heap_4.o
                0x00000000080042fc                vPortFree
 .text.prvHeapInit
                0x00000000080043b4       0xb8 ./FreeRTOS/Source/portable/MemMang/heap_4.o
 .text.prvInsertBlockIntoFreeList
                0x000000000800446c       0xb4 ./FreeRTOS/Source/portable/MemMang/heap_4.o
 .text.__libc_init_array
                0x0000000008004520       0x48 c:/st/stm32cubeide_1.11.0/stm32cubeide/plugins/com.st.stm32cube.ide.mcu.externaltools.gnu-tools-for-stm32.10.3-2021.10.win32_1.0.100.202210260954/tools/bin/../lib/gcc/arm-none-eabi/10.3.1/../../../../arm-none-eabi/lib/thumb/v7e-m+fp/hard\libc_nano.a(lib_a-init.o)
                0x0000000008004520                __libc_init_array
 .text.memcpy   0x0000000008004568       0x1c c:/st/stm32cubeide_1.11.0/stm32cubeide/plugins/com.st.stm32cube.ide.mcu.externaltools.gnu-tools-for-stm32.10.3-2021.10.win32_1.0.100.202210260954/tools/bin/../lib/gcc/arm-none-eabi/10.3.1/../../../../arm-none-eabi/lib/thumb/v7e-m+fp/hard\libc_nano.a(lib_a-memcpy-stub.o)
                0x0000000008004568                memcpy
 .text.memset   0x0000000008004584       0x10 c:/st/stm32cubeide_1.11.0/stm32cubeide/plugins/com.st.stm32cube.ide.mcu.externaltools.gnu-tools-for-stm32.10.3-2021.10.win32_1.0.100.202210260954/tools/bin/../lib/gcc/arm-none-eabi/10.3.1/../../../../arm-none-eabi/lib/thumb/v7e-m+fp/hard\libc_nano.a(lib_a-memset.o)
                0x0000000008004584                memset
 *(.glue_7)
 .glue_7        0x0000000008004594        0x0 linker stubs
 *(.glue_7t)
 .glue_7t       0x0000000008004594        0x0 linker stubs
 *(.eh_frame)
 .eh_frame      0x0000000008004594        0x0 c:/st/stm32cubeide_1.11.0/stm32cubeide/plugins/com.st.stm32cube.ide.mcu.externaltools.gnu-tools-for-stm32.10.3-2021.10.win32_1.0.100.202210260954/tools/bin/../lib/gcc/arm-none-eabi/10.3.1/thumb/v7e-m+fp/hard/crtbegin.o
 *(.init)
 .init          0x0000000008004594        0x4 c:/st/stm32cubeide_1.11.0/stm32cubeide/plugins/com.st.stm32cube.ide.mcu.externaltools.gnu-tools-for-stm32.10.3-2021.10.win32_1.0.100.202210260954/tools/bin/../lib/gcc/arm-none-eabi/10.3.1/thumb/v7e-m+fp/hard/crti.o
                0x0000000008004594                _init
 .init          0x0000000008004598        0x8 c:/st/stm32cubeide_1.11.0/stm32cubeide/plugins/com.st.stm32cube.ide.mcu.externaltools.gnu-tools-for-stm32.10.3-2021.10.win32_1.0.100.202210260954/tools/bin/../lib/gcc/arm-none-eabi/10.3.1/thumb/v7e-m+fp/hard/crtn.o
 *(.fini)
 .fini          0x00000000080045a0        0x4 c:/st/stm32cubeide_1.11.0/stm32cubeide/plugins/com.st.stm32cube.ide.mcu.externaltools.gnu-tools-for-stm32.10.3-2021.10.win32_1.0.100.202210260954/tools/bin/../lib/gcc/arm-none-eabi/10.3.1/thumb/v7e-m+fp/hard/crti.o
                0x00000000080045a0                _fini
 .fini          0x00000000080045a4        0x8 c:/st/stm32cubeide_1.11.0/stm32cubeide/plugins/com.st.stm32cube.ide.mcu.externaltools.gnu-tools-for-stm32.10.3-2021.10.win32_1.0.100.202210260954/tools/bin/../lib/gcc/arm-none-eabi/10.3.1/thumb/v7e-m+fp/hard/crtn.o
                0x00000000080045ac                . = ALIGN (0x4)
                0x00000000080045ac                _etext = .

.vfp11_veneer   0x00000000080045ac        0x0
 .vfp11_veneer  0x00000000080045ac        0x0 linker stubs

.v4_bx          0x00000000080045ac        0x0
 .v4_bx         0x00000000080045ac        0x0 linker stubs

.iplt           0x00000000080045ac        0x0
 .iplt          0x00000000080045ac        0x0 c:/st/stm32cubeide_1.11.0/stm32cubeide/plugins/com.st.stm32cube.ide.mcu.externaltools.gnu-tools-for-stm32.10.3-2021.10.win32_1.0.100.202210260954/tools/bin/../lib/gcc/arm-none-eabi/10.3.1/thumb/v7e-m+fp/hard/crtbegin.o

.rodata         0x00000000080045ac       0x40
                0x00000000080045ac                . = ALIGN (0x4)
 *(.rodata)
 .rodata        0x00000000080045ac       0x1d ./Core/Src/main.o
 *fill*         0x00000000080045c9        0x3 
 .rodata        0x00000000080045cc        0x5 ./FreeRTOS/Source/tasks.o
 *fill*         0x00000000080045d1        0x3 
 .rodata        0x00000000080045d4        0x8 ./FreeRTOS/Source/timers.o
 *(.rodata*)
 .rodata.AHBPrescTable
                0x00000000080045dc       0x10 ./Core/Src/system_stm32f4xx.o
                0x00000000080045dc                AHBPrescTable
                0x00000000080045ec                . = ALIGN (0x4)

.ARM.extab      0x00000000080045ec        0x0
                0x00000000080045ec                . = ALIGN (0x4)
 *(.ARM.extab* .gnu.linkonce.armextab.*)
                0x00000000080045ec                . = ALIGN (0x4)

.ARM            0x00000000080045ec        0x8
                0x00000000080045ec                . = ALIGN (0x4)
                0x00000000080045ec                __exidx_start = .
 *(.ARM.exidx*)
 .ARM.exidx     0x00000000080045ec        0x8 c:/st/stm32cubeide_1.11.0/stm32cubeide/plugins/com.st.stm32cube.ide.mcu.externaltools.gnu-tools-for-stm32.10.3-2021.10.win32_1.0.100.202210260954/tools/bin/../lib/gcc/arm-none-eabi/10.3.1/thumb/v7e-m+fp/hard\libgcc.a(_udivmoddi4.o)
                0x00000000080045f4                __exidx_end = .
                0x00000000080045f4                . = ALIGN (0x4)

.rel.dyn        0x00000000080045f4        0x0
 .rel.iplt      0x00000000080045f4        0x0 c:/st/stm32cubeide_1.11.0/stm32cubeide/plugins/com.st.stm32cube.ide.mcu.externaltools.gnu-tools-for-stm32.10.3-2021.10.win32_1.0.100.202210260954/tools/bin/../lib/gcc/arm-none-eabi/10.3.1/thumb/v7e-m+fp/hard/crtbegin.o

.preinit_array  0x00000000080045f4        0x0
                0x00000000080045f4                . = ALIGN (0x4)
                0x00000000080045f4                PROVIDE (__preinit_array_start = .)
 *(.preinit_array*)
                0x00000000080045f4                PROVIDE (__preinit_array_end = .)
                0x00000000080045f4                . = ALIGN (0x4)

.init_array     0x00000000080045f4        0x4
                0x00000000080045f4                . = ALIGN (0x4)
                0x00000000080045f4                PROVIDE (__init_array_start = .)
 *(SORT_BY_NAME(.init_array.*))
 *(.init_array*)
 .init_array    0x00000000080045f4        0x4 c:/st/stm32cubeide_1.11.0/stm32cubeide/plugins/com.st.stm32cube.ide.mcu.externaltools.gnu-tools-for-stm32.10.3-2021.10.win32_1.0.100.202210260954/tools/bin/../lib/gcc/arm-none-eabi/10.3.1/thumb/v7e-m+fp/hard/crtbegin.o
                0x00000000080045f8                PROVIDE (__init_array_end = .)
                0x00000000080045f8                . = ALIGN (0x4)

.fini_array     0x00000000080045f8        0x4
                0x00000000080045f8                . = ALIGN (0x4)
                [!provide]                        PROVIDE (__fini_array_start = .)
 *(SORT_BY_NAME(.fini_array.*))
 *(.fini_array*)
 .fini_array    0x00000000080045f8        0x4 c:/st/stm32cubeide_1.11.0/stm32cubeide/plugins/com.st.stm32cube.ide.mcu.externaltools.gnu-tools-for-stm32.10.3-2021.10.win32_1.0.100.202210260954/tools/bin/../lib/gcc/arm-none-eabi/10.3.1/thumb/v7e-m+fp/hard/crtbegin.o
                [!provide]                        PROVIDE (__fini_array_end = .)
                0x00000000080045fc                . = ALIGN (0x4)
                0x00000000080045fc                _sidata = LOADADDR (.data)

.data           0x0000000020000000       0x14 load address 0x00000000080045fc
                0x0000000020000000                . = ALIGN (0x4)
                0x0000000020000000                _sdata = .
 *(.data)
 *(.data*)
 .data.SystemCoreClock
                0x0000000020000000        0x4 ./Core/Src/system_stm32f4xx.o
                0x0000000020000000                SystemCoreClock
 .data.uwTickPrio
                0x0000000020000004        0x4 ./Drivers/STM32F4xx_HAL_Driver/Src/stm32f4xx_hal.o
                0x0000000020000004                uwTickPrio
 .data.uwTickFreq
                0x0000000020000008        0x1 ./Drivers/STM32F4xx_HAL_Driver/Src/stm32f4xx_hal.o
                0x0000000020000008                uwTickFreq
 *fill*         0x0000000020000009        0x3 
 .data.uxTopUsedPriority
                0x000000002000000c        0x4 ./FreeRTOS/Source/tasks.o
                0x000000002000000c                uxTopUsedPriority
 .data.uxCriticalNesting
                0x0000000020000010        0x4 ./FreeRTOS/Source/portable/GCC/ARM_CM4F/port.o
 *(.RamFunc)
 *(.RamFunc*)
                0x0000000020000014                . = ALIGN (0x4)
                0x0000000020000014                _edata = .

.igot.plt       0x0000000020000014        0x0 load address 0x0000000008004610
 .igot.plt      0x0000000020000014        0x0 c:/st/stm32cubeide_1.11.0/stm32cubeide/plugins/com.st.stm32cube.ide.mcu.externaltools.gnu-tools-for-stm32.10.3-2021.10.win32_1.0.100.202210260954/tools/bin/../lib/gcc/arm-none-eabi/10.3.1/thumb/v7e-m+fp/hard/crtbegin.o
                0x0000000020000014                . = ALIGN (0x4)

.bss            0x0000000020000014     0x7994 load address 0x0000000008004610
                0x0000000020000014                _sbss = .
                0x0000000020000014                __bss_start__ = _sbss
 *(.bss)
 .bss           0x0000000020000014       0x1c c:/st/stm32cubeide_1.11.0/stm32cubeide/plugins/com.st.stm32cube.ide.mcu.externaltools.gnu-tools-for-stm32.10.3-2021.10.win32_1.0.100.202210260954/tools/bin/../lib/gcc/arm-none-eabi/10.3.1/thumb/v7e-m+fp/hard/crtbegin.o
 *(.bss*)
 .bss.ButtonSemaphore
                0x0000000020000030        0x4 ./Core/Src/main.o
                0x0000000020000030                ButtonSemaphore
 .bss.Led2Handle
                0x0000000020000034        0x4 ./Core/Src/main.o
                0x0000000020000034                Led2Handle
 .bss.LedHandle
                0x0000000020000038        0x4 ./Core/Src/main.o
                0x0000000020000038                LedHandle
 .bss.PushHandle2
                0x000000002000003c        0x4 ./Core/Src/main.o
                0x000000002000003c                PushHandle2
 .bss.uwTick    0x0000000020000040        0x4 ./Drivers/STM32F4xx_HAL_Driver/Src/stm32f4xx_hal.o
                0x0000000020000040                uwTick
 .bss.pxCurrentTCB
                0x0000000020000044        0x4 ./FreeRTOS/Source/tasks.o
                0x0000000020000044                pxCurrentTCB
 .bss.pxReadyTasksLists
                0x0000000020000048       0x64 ./FreeRTOS/Source/tasks.o
 .bss.xDelayedTaskList1
                0x00000000200000ac       0x14 ./FreeRTOS/Source/tasks.o
 .bss.xDelayedTaskList2
                0x00000000200000c0       0x14 ./FreeRTOS/Source/tasks.o
 .bss.pxDelayedTaskList
                0x00000000200000d4        0x4 ./FreeRTOS/Source/tasks.o
 .bss.pxOverflowDelayedTaskList
                0x00000000200000d8        0x4 ./FreeRTOS/Source/tasks.o
 .bss.xPendingReadyList
                0x00000000200000dc       0x14 ./FreeRTOS/Source/tasks.o
 .bss.xTasksWaitingTermination
                0x00000000200000f0       0x14 ./FreeRTOS/Source/tasks.o
 .bss.uxDeletedTasksWaitingCleanUp
                0x0000000020000104        0x4 ./FreeRTOS/Source/tasks.o
 .bss.xSuspendedTaskList
                0x0000000020000108       0x14 ./FreeRTOS/Source/tasks.o
 .bss.uxCurrentNumberOfTasks
                0x000000002000011c        0x4 ./FreeRTOS/Source/tasks.o
 .bss.xTickCount
                0x0000000020000120        0x4 ./FreeRTOS/Source/tasks.o
 .bss.uxTopReadyPriority
                0x0000000020000124        0x4 ./FreeRTOS/Source/tasks.o
 .bss.xSchedulerRunning
                0x0000000020000128        0x4 ./FreeRTOS/Source/tasks.o
 .bss.xPendedTicks
                0x000000002000012c        0x4 ./FreeRTOS/Source/tasks.o
 .bss.xYieldPending
                0x0000000020000130        0x4 ./FreeRTOS/Source/tasks.o
 .bss.xNumOfOverflows
                0x0000000020000134        0x4 ./FreeRTOS/Source/tasks.o
 .bss.uxTaskNumber
                0x0000000020000138        0x4 ./FreeRTOS/Source/tasks.o
 .bss.xNextTaskUnblockTime
                0x000000002000013c        0x4 ./FreeRTOS/Source/tasks.o
 .bss.xIdleTaskHandle
                0x0000000020000140        0x4 ./FreeRTOS/Source/tasks.o
 .bss.uxSchedulerSuspended
                0x0000000020000144        0x4 ./FreeRTOS/Source/tasks.o
 .bss.xActiveTimerList1
                0x0000000020000148       0x14 ./FreeRTOS/Source/timers.o
 .bss.xActiveTimerList2
                0x000000002000015c       0x14 ./FreeRTOS/Source/timers.o
 .bss.pxCurrentTimerList
                0x0000000020000170        0x4 ./FreeRTOS/Source/timers.o
 .bss.pxOverflowTimerList
                0x0000000020000174        0x4 ./FreeRTOS/Source/timers.o
 .bss.xTimerQueue
                0x0000000020000178        0x4 ./FreeRTOS/Source/timers.o
 .bss.xTimerTaskHandle
                0x000000002000017c        0x4 ./FreeRTOS/Source/timers.o
 .bss.xLastTime.0
                0x0000000020000180        0x4 ./FreeRTOS/Source/timers.o
 .bss.ucMaxSysCallPriority
                0x0000000020000184        0x1 ./FreeRTOS/Source/portable/GCC/ARM_CM4F/port.o
 *fill*         0x0000000020000185        0x3 
 .bss.ulMaxPRIGROUPValue
                0x0000000020000188        0x4 ./FreeRTOS/Source/portable/GCC/ARM_CM4F/port.o
 .bss.ucHeap    0x000000002000018c     0x7800 ./FreeRTOS/Source/portable/MemMang/heap_4.o
 .bss.xStart    0x000000002000798c        0x8 ./FreeRTOS/Source/portable/MemMang/heap_4.o
 .bss.pxEnd     0x0000000020007994        0x4 ./FreeRTOS/Source/portable/MemMang/heap_4.o
 .bss.xFreeBytesRemaining
                0x0000000020007998        0x4 ./FreeRTOS/Source/portable/MemMang/heap_4.o
 .bss.xMinimumEverFreeBytesRemaining
                0x000000002000799c        0x4 ./FreeRTOS/Source/portable/MemMang/heap_4.o
 .bss.xNumberOfSuccessfulAllocations
                0x00000000200079a0        0x4 ./FreeRTOS/Source/portable/MemMang/heap_4.o
 .bss.xNumberOfSuccessfulFrees
                0x00000000200079a4        0x4 ./FreeRTOS/Source/portable/MemMang/heap_4.o
 *(COMMON)
                0x00000000200079a8                . = ALIGN (0x4)
                0x00000000200079a8                _ebss = .
                0x00000000200079a8                __bss_end__ = _ebss

._user_heap_stack
                0x00000000200079a8      0x600 load address 0x0000000008004610
                0x00000000200079a8                . = ALIGN (0x8)
                [!provide]                        PROVIDE (end = .)
                0x00000000200079a8                PROVIDE (_end = .)
                0x0000000020007ba8                . = (. + _Min_Heap_Size)
 *fill*         0x00000000200079a8      0x200 
                0x0000000020007fa8                . = (. + _Min_Stack_Size)
 *fill*         0x0000000020007ba8      0x400 
                0x0000000020007fa8                . = ALIGN (0x8)

/DISCARD/
 libc.a(*)
 libm.a(*)
 libgcc.a(*)

.ARM.attributes
                0x0000000000000000       0x30
 *(.ARM.attributes)
 .ARM.attributes
                0x0000000000000000       0x1e c:/st/stm32cubeide_1.11.0/stm32cubeide/plugins/com.st.stm32cube.ide.mcu.externaltools.gnu-tools-for-stm32.10.3-2021.10.win32_1.0.100.202210260954/tools/bin/../lib/gcc/arm-none-eabi/10.3.1/thumb/v7e-m+fp/hard/crti.o
 .ARM.attributes
                0x000000000000001e       0x34 c:/st/stm32cubeide_1.11.0/stm32cubeide/plugins/com.st.stm32cube.ide.mcu.externaltools.gnu-tools-for-stm32.10.3-2021.10.win32_1.0.100.202210260954/tools/bin/../lib/gcc/arm-none-eabi/10.3.1/thumb/v7e-m+fp/hard/crtbegin.o
 .ARM.attributes
                0x0000000000000052       0x34 ./Core/Src/main.o
 .ARM.attributes
                0x0000000000000086       0x34 ./Core/Src/stm32f4xx_hal_msp.o
 .ARM.attributes
                0x00000000000000ba       0x34 ./Core/Src/stm32f4xx_it.o
 .ARM.attributes
                0x00000000000000ee       0x34 ./Core/Src/system_stm32f4xx.o
 .ARM.attributes
                0x0000000000000122       0x21 ./Core/Startup/startup_stm32f401retx.o
 .ARM.attributes
                0x0000000000000143       0x34 ./Drivers/STM32F4xx_HAL_Driver/Src/stm32f4xx_hal.o
 .ARM.attributes
                0x0000000000000177       0x34 ./Drivers/STM32F4xx_HAL_Driver/Src/stm32f4xx_hal_cortex.o
 .ARM.attributes
                0x00000000000001ab       0x34 ./Drivers/STM32F4xx_HAL_Driver/Src/stm32f4xx_hal_gpio.o
 .ARM.attributes
                0x00000000000001df       0x34 ./Drivers/STM32F4xx_HAL_Driver/Src/stm32f4xx_hal_rcc.o
 .ARM.attributes
                0x0000000000000213       0x34 ./FreeRTOS/Source/list.o
 .ARM.attributes
                0x0000000000000247       0x34 ./FreeRTOS/Source/queue.o
 .ARM.attributes
                0x000000000000027b       0x34 ./FreeRTOS/Source/tasks.o
 .ARM.attributes
                0x00000000000002af       0x34 ./FreeRTOS/Source/timers.o
 .ARM.attributes
                0x00000000000002e3       0x34 ./FreeRTOS/Source/portable/GCC/ARM_CM4F/port.o
 .ARM.attributes
                0x0000000000000317       0x34 ./FreeRTOS/Source/portable/MemMang/heap_4.o
 .ARM.attributes
                0x000000000000034b       0x34 c:/st/stm32cubeide_1.11.0/stm32cubeide/plugins/com.st.stm32cube.ide.mcu.externaltools.gnu-tools-for-stm32.10.3-2021.10.win32_1.0.100.202210260954/tools/bin/../lib/gcc/arm-none-eabi/10.3.1/../../../../arm-none-eabi/lib/thumb/v7e-m+fp/hard\libc_nano.a(lib_a-init.o)
 .ARM.attributes
                0x000000000000037f       0x34 c:/st/stm32cubeide_1.11.0/stm32cubeide/plugins/com.st.stm32cube.ide.mcu.externaltools.gnu-tools-for-stm32.10.3-2021.10.win32_1.0.100.202210260954/tools/bin/../lib/gcc/arm-none-eabi/10.3.1/../../../../arm-none-eabi/lib/thumb/v7e-m+fp/hard\libc_nano.a(lib_a-memcpy-stub.o)
 .ARM.attributes
                0x00000000000003b3       0x34 c:/st/stm32cubeide_1.11.0/stm32cubeide/plugins/com.st.stm32cube.ide.mcu.externaltools.gnu-tools-for-stm32.10.3-2021.10.win32_1.0.100.202210260954/tools/bin/../lib/gcc/arm-none-eabi/10.3.1/../../../../arm-none-eabi/lib/thumb/v7e-m+fp/hard\libc_nano.a(lib_a-memset.o)
 .ARM.attributes
                0x00000000000003e7       0x1e c:/st/stm32cubeide_1.11.0/stm32cubeide/plugins/com.st.stm32cube.ide.mcu.externaltools.gnu-tools-for-stm32.10.3-2021.10.win32_1.0.100.202210260954/tools/bin/../lib/gcc/arm-none-eabi/10.3.1/thumb/v7e-m+fp/hard\libgcc.a(_aeabi_uldivmod.o)
 .ARM.attributes
                0x0000000000000405       0x34 c:/st/stm32cubeide_1.11.0/stm32cubeide/plugins/com.st.stm32cube.ide.mcu.externaltools.gnu-tools-for-stm32.10.3-2021.10.win32_1.0.100.202210260954/tools/bin/../lib/gcc/arm-none-eabi/10.3.1/thumb/v7e-m+fp/hard\libgcc.a(_udivmoddi4.o)
 .ARM.attributes
                0x0000000000000439       0x1e c:/st/stm32cubeide_1.11.0/stm32cubeide/plugins/com.st.stm32cube.ide.mcu.externaltools.gnu-tools-for-stm32.10.3-2021.10.win32_1.0.100.202210260954/tools/bin/../lib/gcc/arm-none-eabi/10.3.1/thumb/v7e-m+fp/hard\libgcc.a(_dvmd_tls.o)
 .ARM.attributes
                0x0000000000000457       0x1e c:/st/stm32cubeide_1.11.0/stm32cubeide/plugins/com.st.stm32cube.ide.mcu.externaltools.gnu-tools-for-stm32.10.3-2021.10.win32_1.0.100.202210260954/tools/bin/../lib/gcc/arm-none-eabi/10.3.1/thumb/v7e-m+fp/hard/crtn.o
OUTPUT(RTOS_TASK11.elf elf32-littlearm)
LOAD linker stubs
LOAD c:/st/stm32cubeide_1.11.0/stm32cubeide/plugins/com.st.stm32cube.ide.mcu.externaltools.gnu-tools-for-stm32.10.3-2021.10.win32_1.0.100.202210260954/tools/bin/../lib/gcc/arm-none-eabi/10.3.1/../../../../arm-none-eabi/lib/thumb/v7e-m+fp/hard\libc.a
LOAD c:/st/stm32cubeide_1.11.0/stm32cubeide/plugins/com.st.stm32cube.ide.mcu.externaltools.gnu-tools-for-stm32.10.3-2021.10.win32_1.0.100.202210260954/tools/bin/../lib/gcc/arm-none-eabi/10.3.1/../../../../arm-none-eabi/lib/thumb/v7e-m+fp/hard\libm.a
LOAD c:/st/stm32cubeide_1.11.0/stm32cubeide/plugins/com.st.stm32cube.ide.mcu.externaltools.gnu-tools-for-stm32.10.3-2021.10.win32_1.0.100.202210260954/tools/bin/../lib/gcc/arm-none-eabi/10.3.1/thumb/v7e-m+fp/hard\libgcc.a

.debug_info     0x0000000000000000     0x8d90
 .debug_info    0x0000000000000000      0xa07 ./Core/Src/main.o
 .debug_info    0x0000000000000a07      0x2d4 ./Core/Src/stm32f4xx_hal_msp.o
 .debug_info    0x0000000000000cdb       0xe3 ./Core/Src/stm32f4xx_it.o
 .debug_info    0x0000000000000dbe      0x54f ./Core/Src/system_stm32f4xx.o
 .debug_info    0x000000000000130d       0x22 ./Core/Startup/startup_stm32f401retx.o
 .debug_info    0x000000000000132f      0x906 ./Drivers/STM32F4xx_HAL_Driver/Src/stm32f4xx_hal.o
 .debug_info    0x0000000000001c35      0xd85 ./Drivers/STM32F4xx_HAL_Driver/Src/stm32f4xx_hal_cortex.o
 .debug_info    0x00000000000029ba      0x78e ./Drivers/STM32F4xx_HAL_Driver/Src/stm32f4xx_hal_gpio.o
 .debug_info    0x0000000000003148      0x98c ./Drivers/STM32F4xx_HAL_Driver/Src/stm32f4xx_hal_rcc.o
 .debug_info    0x0000000000003ad4      0x2d1 ./FreeRTOS/Source/list.o
 .debug_info    0x0000000000003da5     0x15d8 ./FreeRTOS/Source/queue.o
 .debug_info    0x000000000000537d     0x219c ./FreeRTOS/Source/tasks.o
 .debug_info    0x0000000000007519      0xe26 ./FreeRTOS/Source/timers.o
 .debug_info    0x000000000000833f      0x4fb ./FreeRTOS/Source/portable/GCC/ARM_CM4F/port.o
 .debug_info    0x000000000000883a      0x556 ./FreeRTOS/Source/portable/MemMang/heap_4.o

.debug_abbrev   0x0000000000000000     0x1d0c
 .debug_abbrev  0x0000000000000000      0x2c8 ./Core/Src/main.o
 .debug_abbrev  0x00000000000002c8       0xd4 ./Core/Src/stm32f4xx_hal_msp.o
 .debug_abbrev  0x000000000000039c       0x47 ./Core/Src/stm32f4xx_it.o
 .debug_abbrev  0x00000000000003e3      0x116 ./Core/Src/system_stm32f4xx.o
 .debug_abbrev  0x00000000000004f9       0x12 ./Core/Startup/startup_stm32f401retx.o
 .debug_abbrev  0x000000000000050b      0x23e ./Drivers/STM32F4xx_HAL_Driver/Src/stm32f4xx_hal.o
 .debug_abbrev  0x0000000000000749      0x316 ./Drivers/STM32F4xx_HAL_Driver/Src/stm32f4xx_hal_cortex.o
 .debug_abbrev  0x0000000000000a5f      0x1c4 ./Drivers/STM32F4xx_HAL_Driver/Src/stm32f4xx_hal_gpio.o
 .debug_abbrev  0x0000000000000c23      0x2aa ./Drivers/STM32F4xx_HAL_Driver/Src/stm32f4xx_hal_rcc.o
 .debug_abbrev  0x0000000000000ecd       0xf2 ./FreeRTOS/Source/list.o
 .debug_abbrev  0x0000000000000fbf      0x2c0 ./FreeRTOS/Source/queue.o
 .debug_abbrev  0x000000000000127f      0x350 ./FreeRTOS/Source/tasks.o
 .debug_abbrev  0x00000000000015cf      0x2a9 ./FreeRTOS/Source/timers.o
 .debug_abbrev  0x0000000000001878      0x246 ./FreeRTOS/Source/portable/GCC/ARM_CM4F/port.o
 .debug_abbrev  0x0000000000001abe      0x24e ./FreeRTOS/Source/portable/MemMang/heap_4.o

.debug_aranges  0x0000000000000000      0x890
 .debug_aranges
                0x0000000000000000       0x50 ./Core/Src/main.o
 .debug_aranges
                0x0000000000000050       0x20 ./Core/Src/stm32f4xx_hal_msp.o
 .debug_aranges
                0x0000000000000070       0x48 ./Core/Src/stm32f4xx_it.o
 .debug_aranges
                0x00000000000000b8       0x28 ./Core/Src/system_stm32f4xx.o
 .debug_aranges
                0x00000000000000e0       0x28 ./Core/Startup/startup_stm32f401retx.o
 .debug_aranges
                0x0000000000000108       0xf0 ./Drivers/STM32F4xx_HAL_Driver/Src/stm32f4xx_hal.o
 .debug_aranges
                0x00000000000001f8      0x118 ./Drivers/STM32F4xx_HAL_Driver/Src/stm32f4xx_hal_cortex.o
 .debug_aranges
                0x0000000000000310       0x58 ./Drivers/STM32F4xx_HAL_Driver/Src/stm32f4xx_hal_gpio.o
 .debug_aranges
                0x0000000000000368       0x88 ./Drivers/STM32F4xx_HAL_Driver/Src/stm32f4xx_hal_rcc.o
 .debug_aranges
                0x00000000000003f0       0x40 ./FreeRTOS/Source/list.o
 .debug_aranges
                0x0000000000000430       0xe8 ./FreeRTOS/Source/queue.o
 .debug_aranges
                0x0000000000000518      0x1c0 ./FreeRTOS/Source/tasks.o
 .debug_aranges
                0x00000000000006d8       0xd8 ./FreeRTOS/Source/timers.o
 .debug_aranges
                0x00000000000007b0       0x80 ./FreeRTOS/Source/portable/GCC/ARM_CM4F/port.o
 .debug_aranges
                0x0000000000000830       0x60 ./FreeRTOS/Source/portable/MemMang/heap_4.o

.debug_ranges   0x0000000000000000      0x7a8
 .debug_ranges  0x0000000000000000       0x40 ./Core/Src/main.o
 .debug_ranges  0x0000000000000040       0x10 ./Core/Src/stm32f4xx_hal_msp.o
 .debug_ranges  0x0000000000000050       0x38 ./Core/Src/stm32f4xx_it.o
 .debug_ranges  0x0000000000000088       0x18 ./Core/Src/system_stm32f4xx.o
 .debug_ranges  0x00000000000000a0       0x20 ./Core/Startup/startup_stm32f401retx.o
 .debug_ranges  0x00000000000000c0       0xe0 ./Drivers/STM32F4xx_HAL_Driver/Src/stm32f4xx_hal.o
 .debug_ranges  0x00000000000001a0      0x108 ./Drivers/STM32F4xx_HAL_Driver/Src/stm32f4xx_hal_cortex.o
 .debug_ranges  0x00000000000002a8       0x48 ./Drivers/STM32F4xx_HAL_Driver/Src/stm32f4xx_hal_gpio.o
 .debug_ranges  0x00000000000002f0       0x78 ./Drivers/STM32F4xx_HAL_Driver/Src/stm32f4xx_hal_rcc.o
 .debug_ranges  0x0000000000000368       0x30 ./FreeRTOS/Source/list.o
 .debug_ranges  0x0000000000000398       0xd8 ./FreeRTOS/Source/queue.o
 .debug_ranges  0x0000000000000470      0x1b0 ./FreeRTOS/Source/tasks.o
 .debug_ranges  0x0000000000000620       0xc8 ./FreeRTOS/Source/timers.o
 .debug_ranges  0x00000000000006e8       0x70 ./FreeRTOS/Source/portable/GCC/ARM_CM4F/port.o
 .debug_ranges  0x0000000000000758       0x50 ./FreeRTOS/Source/portable/MemMang/heap_4.o

.debug_macro    0x0000000000000000    0x15acd
 .debug_macro   0x0000000000000000      0x261 ./Core/Src/main.o
 .debug_macro   0x0000000000000261      0xa78 ./Core/Src/main.o
 .debug_macro   0x0000000000000cd9      0x28f ./Core/Src/main.o
 .debug_macro   0x0000000000000f68       0x2e ./Core/Src/main.o
 .debug_macro   0x0000000000000f96       0x28 ./Core/Src/main.o
 .debug_macro   0x0000000000000fbe       0x22 ./Core/Src/main.o
 .debug_macro   0x0000000000000fe0       0x8e ./Core/Src/main.o
 .debug_macro   0x000000000000106e       0x51 ./Core/Src/main.o
 .debug_macro   0x00000000000010bf      0x103 ./Core/Src/main.o
 .debug_macro   0x00000000000011c2       0x6a ./Core/Src/main.o
 .debug_macro   0x000000000000122c      0x1df ./Core/Src/main.o
 .debug_macro   0x000000000000140b       0x1c ./Core/Src/main.o
 .debug_macro   0x0000000000001427       0x22 ./Core/Src/main.o
 .debug_macro   0x0000000000001449       0xd9 ./Core/Src/main.o
 .debug_macro   0x0000000000001522     0x102d ./Core/Src/main.o
 .debug_macro   0x000000000000254f      0x11f ./Core/Src/main.o
 .debug_macro   0x000000000000266e     0xb86c ./Core/Src/main.o
 .debug_macro   0x000000000000deda       0x6d ./Core/Src/main.o
 .debug_macro   0x000000000000df47     0x367e ./Core/Src/main.o
 .debug_macro   0x00000000000115c5      0x174 ./Core/Src/main.o
 .debug_macro   0x0000000000011739       0x5c ./Core/Src/main.o
 .debug_macro   0x0000000000011795      0x416 ./Core/Src/main.o
 .debug_macro   0x0000000000011bab      0x9fe ./Core/Src/main.o
 .debug_macro   0x00000000000125a9      0x115 ./Core/Src/main.o
 .debug_macro   0x00000000000126be       0xf8 ./Core/Src/main.o
 .debug_macro   0x00000000000127b6       0xa5 ./Core/Src/main.o
 .debug_macro   0x000000000001285b      0x15f ./Core/Src/main.o
 .debug_macro   0x00000000000129ba      0x287 ./Core/Src/main.o
 .debug_macro   0x0000000000012c41       0x5f ./Core/Src/main.o
 .debug_macro   0x0000000000012ca0      0x236 ./Core/Src/main.o
 .debug_macro   0x0000000000012ed6      0x132 ./Core/Src/main.o
 .debug_macro   0x0000000000013008      0x264 ./Core/Src/main.o
 .debug_macro   0x000000000001326c       0x2e ./Core/Src/main.o
 .debug_macro   0x000000000001329a      0x11a ./Core/Src/main.o
 .debug_macro   0x00000000000133b4       0x85 ./Core/Src/main.o
 .debug_macro   0x0000000000013439       0x89 ./Core/Src/main.o
 .debug_macro   0x00000000000134c2      0x126 ./Core/Src/main.o
 .debug_macro   0x00000000000135e8      0x100 ./Core/Src/main.o
 .debug_macro   0x00000000000136e8      0x15a ./Core/Src/main.o
 .debug_macro   0x0000000000013842       0xea ./Core/Src/main.o
 .debug_macro   0x000000000001392c       0x28 ./Core/Src/main.o
 .debug_macro   0x0000000000013954       0x1f ./Core/Src/main.o
 .debug_macro   0x0000000000013973       0x12 ./Core/Src/main.o
 .debug_macro   0x0000000000013985      0x53b ./Core/Src/main.o
 .debug_macro   0x0000000000013ec0       0xc3 ./Core/Src/main.o
 .debug_macro   0x0000000000013f83      0x120 ./Core/Src/main.o
 .debug_macro   0x00000000000140a3       0x80 ./Core/Src/main.o
 .debug_macro   0x0000000000014123       0x62 ./Core/Src/main.o
 .debug_macro   0x0000000000014185      0x1ba ./Core/Src/stm32f4xx_hal_msp.o
 .debug_macro   0x000000000001433f      0x1c4 ./Core/Src/stm32f4xx_it.o
 .debug_macro   0x0000000000014503      0x1b0 ./Core/Src/system_stm32f4xx.o
 .debug_macro   0x00000000000146b3      0x210 ./Drivers/STM32F4xx_HAL_Driver/Src/stm32f4xx_hal.o
 .debug_macro   0x00000000000148c3      0x1b0 ./Drivers/STM32F4xx_HAL_Driver/Src/stm32f4xx_hal_cortex.o
 .debug_macro   0x0000000000014a73      0x1b6 ./Drivers/STM32F4xx_HAL_Driver/Src/stm32f4xx_hal_gpio.o
 .debug_macro   0x0000000000014c29      0x1d4 ./Drivers/STM32F4xx_HAL_Driver/Src/stm32f4xx_hal_rcc.o
 .debug_macro   0x0000000000014dfd      0x198 ./FreeRTOS/Source/list.o
 .debug_macro   0x0000000000014f95      0x22f ./FreeRTOS/Source/queue.o
 .debug_macro   0x00000000000151c4       0x16 ./FreeRTOS/Source/queue.o
 .debug_macro   0x00000000000151da       0x20 ./FreeRTOS/Source/queue.o
 .debug_macro   0x00000000000151fa      0x27e ./FreeRTOS/Source/tasks.o
 .debug_macro   0x0000000000015478       0x17 ./FreeRTOS/Source/tasks.o
 .debug_macro   0x000000000001548f      0x1e7 ./FreeRTOS/Source/timers.o
 .debug_macro   0x0000000000015676       0x97 ./FreeRTOS/Source/timers.o
 .debug_macro   0x000000000001570d      0x1a7 ./FreeRTOS/Source/portable/GCC/ARM_CM4F/port.o
 .debug_macro   0x00000000000158b4      0x219 ./FreeRTOS/Source/portable/MemMang/heap_4.o

.debug_line     0x0000000000000000     0x9f2a
 .debug_line    0x0000000000000000      0x937 ./Core/Src/main.o
 .debug_line    0x0000000000000937      0x67a ./Core/Src/stm32f4xx_hal_msp.o
 .debug_line    0x0000000000000fb1      0x6ff ./Core/Src/stm32f4xx_it.o
 .debug_line    0x00000000000016b0      0x6fc ./Core/Src/system_stm32f4xx.o
 .debug_line    0x0000000000001dac       0x88 ./Core/Startup/startup_stm32f401retx.o
 .debug_line    0x0000000000001e34      0x962 ./Drivers/STM32F4xx_HAL_Driver/Src/stm32f4xx_hal.o
 .debug_line    0x0000000000002796      0xc11 ./Drivers/STM32F4xx_HAL_Driver/Src/stm32f4xx_hal_cortex.o
 .debug_line    0x00000000000033a7      0xa9a ./Drivers/STM32F4xx_HAL_Driver/Src/stm32f4xx_hal_gpio.o
 .debug_line    0x0000000000003e41      0xcdc ./Drivers/STM32F4xx_HAL_Driver/Src/stm32f4xx_hal_rcc.o
 .debug_line    0x0000000000004b1d      0x746 ./FreeRTOS/Source/list.o
 .debug_line    0x0000000000005263     0x13fc ./FreeRTOS/Source/queue.o
 .debug_line    0x000000000000665f     0x1ad8 ./FreeRTOS/Source/tasks.o
 .debug_line    0x0000000000008137      0xc07 ./FreeRTOS/Source/timers.o
 .debug_line    0x0000000000008d3e      0x822 ./FreeRTOS/Source/portable/GCC/ARM_CM4F/port.o
 .debug_line    0x0000000000009560      0x9ca ./FreeRTOS/Source/portable/MemMang/heap_4.o

.debug_str      0x0000000000000000    0x8a7d1
 .debug_str     0x0000000000000000    0x82eb1 ./Core/Src/main.o
                                      0x831a5 (size before relaxing)
 .debug_str     0x0000000000082eb1       0x2c ./Core/Src/stm32f4xx_hal_msp.o
                                      0x7d079 (size before relaxing)
 .debug_str     0x0000000000082edd       0x92 ./Core/Src/stm32f4xx_it.o
                                      0x7cfb6 (size before relaxing)
 .debug_str     0x0000000000082f6f       0xdb ./Core/Src/system_stm32f4xx.o
                                      0x7d129 (size before relaxing)
 .debug_str     0x000000000008304a       0x36 ./Core/Startup/startup_stm32f401retx.o
                                         0x6a (size before relaxing)
 .debug_str     0x0000000000083080      0x9c4 ./Drivers/STM32F4xx_HAL_Driver/Src/stm32f4xx_hal.o
                                      0x7db4b (size before relaxing)
 .debug_str     0x0000000000083a44      0x34d ./Drivers/STM32F4xx_HAL_Driver/Src/stm32f4xx_hal_cortex.o
                                      0x7d86c (size before relaxing)
 .debug_str     0x0000000000083d91      0x11e ./Drivers/STM32F4xx_HAL_Driver/Src/stm32f4xx_hal_gpio.o
                                      0x7d2a4 (size before relaxing)
 .debug_str     0x0000000000083eaf      0x233 ./Drivers/STM32F4xx_HAL_Driver/Src/stm32f4xx_hal_rcc.o
                                      0x7d55d (size before relaxing)
 .debug_str     0x00000000000840e2     0x3004 ./FreeRTOS/Source/list.o
                                       0xacd6 (size before relaxing)
 .debug_str     0x00000000000870e6      0xb87 ./FreeRTOS/Source/queue.o
                                       0xd246 (size before relaxing)
 .debug_str     0x0000000000087c6d     0x18b8 ./FreeRTOS/Source/tasks.o
                                       0xdbba (size before relaxing)
 .debug_str     0x0000000000089525      0x507 ./FreeRTOS/Source/timers.o
                                       0xd508 (size before relaxing)
 .debug_str     0x0000000000089a2c      0x7d2 ./FreeRTOS/Source/portable/GCC/ARM_CM4F/port.o
                                       0x9835 (size before relaxing)
 .debug_str     0x000000000008a1fe      0x5d3 ./FreeRTOS/Source/portable/MemMang/heap_4.o
                                       0xc500 (size before relaxing)

.comment        0x0000000000000000       0x50
 .comment       0x0000000000000000       0x50 ./Core/Src/main.o
                                         0x51 (size before relaxing)
 .comment       0x0000000000000050       0x51 ./Core/Src/stm32f4xx_hal_msp.o
 .comment       0x0000000000000050       0x51 ./Core/Src/stm32f4xx_it.o
 .comment       0x0000000000000050       0x51 ./Core/Src/system_stm32f4xx.o
 .comment       0x0000000000000050       0x51 ./Drivers/STM32F4xx_HAL_Driver/Src/stm32f4xx_hal.o
 .comment       0x0000000000000050       0x51 ./Drivers/STM32F4xx_HAL_Driver/Src/stm32f4xx_hal_cortex.o
 .comment       0x0000000000000050       0x51 ./Drivers/STM32F4xx_HAL_Driver/Src/stm32f4xx_hal_gpio.o
 .comment       0x0000000000000050       0x51 ./Drivers/STM32F4xx_HAL_Driver/Src/stm32f4xx_hal_rcc.o
 .comment       0x0000000000000050       0x51 ./FreeRTOS/Source/list.o
 .comment       0x0000000000000050       0x51 ./FreeRTOS/Source/queue.o
 .comment       0x0000000000000050       0x51 ./FreeRTOS/Source/tasks.o
 .comment       0x0000000000000050       0x51 ./FreeRTOS/Source/timers.o
 .comment       0x0000000000000050       0x51 ./FreeRTOS/Source/portable/GCC/ARM_CM4F/port.o
 .comment       0x0000000000000050       0x51 ./FreeRTOS/Source/portable/MemMang/heap_4.o

.debug_frame    0x0000000000000000     0x20fc
 .debug_frame   0x0000000000000000       0xf0 ./Core/Src/main.o
 .debug_frame   0x00000000000000f0       0x38 ./Core/Src/stm32f4xx_hal_msp.o
 .debug_frame   0x0000000000000128       0xa8 ./Core/Src/stm32f4xx_it.o
 .debug_frame   0x00000000000001d0       0x58 ./Core/Src/system_stm32f4xx.o
 .debug_frame   0x0000000000000228      0x374 ./Drivers/STM32F4xx_HAL_Driver/Src/stm32f4xx_hal.o
 .debug_frame   0x000000000000059c      0x498 ./Drivers/STM32F4xx_HAL_Driver/Src/stm32f4xx_hal_cortex.o
 .debug_frame   0x0000000000000a34      0x14c ./Drivers/STM32F4xx_HAL_Driver/Src/stm32f4xx_hal_gpio.o
 .debug_frame   0x0000000000000b80      0x1f4 ./Drivers/STM32F4xx_HAL_Driver/Src/stm32f4xx_hal_rcc.o
 .debug_frame   0x0000000000000d74       0xd8 ./FreeRTOS/Source/list.o
 .debug_frame   0x0000000000000e4c      0x3cc ./FreeRTOS/Source/queue.o
 .debug_frame   0x0000000000001218      0x7a0 ./FreeRTOS/Source/tasks.o
 .debug_frame   0x00000000000019b8      0x378 ./FreeRTOS/Source/timers.o
 .debug_frame   0x0000000000001d30      0x1a8 ./FreeRTOS/Source/portable/GCC/ARM_CM4F/port.o
 .debug_frame   0x0000000000001ed8      0x150 ./FreeRTOS/Source/portable/MemMang/heap_4.o
 .debug_frame   0x0000000000002028       0x2c c:/st/stm32cubeide_1.11.0/stm32cubeide/plugins/com.st.stm32cube.ide.mcu.externaltools.gnu-tools-for-stm32.10.3-2021.10.win32_1.0.100.202210260954/tools/bin/../lib/gcc/arm-none-eabi/10.3.1/../../../../arm-none-eabi/lib/thumb/v7e-m+fp/hard\libc_nano.a(lib_a-init.o)
 .debug_frame   0x0000000000002054       0x28 c:/st/stm32cubeide_1.11.0/stm32cubeide/plugins/com.st.stm32cube.ide.mcu.externaltools.gnu-tools-for-stm32.10.3-2021.10.win32_1.0.100.202210260954/tools/bin/../lib/gcc/arm-none-eabi/10.3.1/../../../../arm-none-eabi/lib/thumb/v7e-m+fp/hard\libc_nano.a(lib_a-memcpy-stub.o)
 .debug_frame   0x000000000000207c       0x20 c:/st/stm32cubeide_1.11.0/stm32cubeide/plugins/com.st.stm32cube.ide.mcu.externaltools.gnu-tools-for-stm32.10.3-2021.10.win32_1.0.100.202210260954/tools/bin/../lib/gcc/arm-none-eabi/10.3.1/../../../../arm-none-eabi/lib/thumb/v7e-m+fp/hard\libc_nano.a(lib_a-memset.o)
 .debug_frame   0x000000000000209c       0x2c c:/st/stm32cubeide_1.11.0/stm32cubeide/plugins/com.st.stm32cube.ide.mcu.externaltools.gnu-tools-for-stm32.10.3-2021.10.win32_1.0.100.202210260954/tools/bin/../lib/gcc/arm-none-eabi/10.3.1/thumb/v7e-m+fp/hard\libgcc.a(_aeabi_uldivmod.o)
 .debug_frame   0x00000000000020c8       0x34 c:/st/stm32cubeide_1.11.0/stm32cubeide/plugins/com.st.stm32cube.ide.mcu.externaltools.gnu-tools-for-stm32.10.3-2021.10.win32_1.0.100.202210260954/tools/bin/../lib/gcc/arm-none-eabi/10.3.1/thumb/v7e-m+fp/hard\libgcc.a(_udivmoddi4.o)
